Component: ARM Compiler 5.06 update 6 (build 750) Tool: armlink [4d35ed]

==============================================================================

Section Cross References

    main.o(.text) refers to mpu6050.o(.text) for MPU_Get_Temperature
    main.o(.text) refers to delay.o(.text) for delay_ms
    main.o(.text) refers to inv_mpu.o(.text) for mpu_dmp_get_data
    main.o(.text) refers to usrcat1.o(.text) for test_send_packet
    main.o(.text) refers to os_cpu_a.o(.text) for OS_CPU_SR_Save
    main.o(.text) refers to os_task.o(.text) for OSTaskCreate
    main.o(.text) refers to misc.o(.text) for NVIC_PriorityGroupConfig
    main.o(.text) refers to led.o(.text) for LBIO_Init
    main.o(.text) refers to usart1.o(.text) for USART1_Init
    main.o(.text) refers to usart3.o(.text) for USART3_Init
    main.o(.text) refers to usart2.o(.text) for USART2_Init
    main.o(.text) refers to adc.o(.text) for Adc_Init
    main.o(.text) refers to 24cxx.o(.text) for AT24CXX_Init
    main.o(.text) refers to servodj.o(.text) for DuoJi_Init
    main.o(.text) refers to txxy.o(.text) for PraInit
    main.o(.text) refers to os_core.o(.text) for OSInit
    main.o(.text) refers to atof.o(i.atof) for atof
    main.o(.text) refers to d2f.o(.text) for __aeabi_d2f
    main.o(.text) refers to printfa.o(i.__0snprintf) for __2snprintf
    main.o(.text) refers to ffixui.o(.text) for __aeabi_f2uiz
    main.o(.text) refers to memseta.o(.text) for __aeabi_memclr
    main.o(.text) refers to f2d.o(.text) for __aeabi_f2d
    main.o(.text) refers to main.o(.bss) for .bss
    main.o(.text) refers to txxy.o(.bss) for T_Pra
    main.o(.text) refers to usart2.o(.bss) for USART2_RX_BUF
    main.o(.text) refers to usart2.o(.data) for USART2_RX_STA
    main.o(.text) refers to main.o(.data) for .data
    main.o(.text) refers to printfa.o(i.__0sprintf) for __2sprintf
    main.o(.text) refers to stm32f10x_gpio.o(.text) for GPIO_ReadInputDataBit
    main.o(.text) refers to strlen.o(.text) for strlen
    main.o(.text) refers to gps.o(.text) for GPS_Analysis
    main.o(.text) refers to ffltui.o(.text) for __aeabi_ui2f
    main.o(.text) refers to fdiv.o(.text) for __aeabi_fdiv
    main.o(.text) refers to atoi.o(.text) for atoi
    main.o(.text) refers to printfa.o(i.__0printf) for __2printf
    main.o(.text) refers to dfltui.o(.text) for __aeabi_ui2d
    main.o(.text) refers to ddiv.o(.text) for __aeabi_ddiv
    main.o(.text) refers to dmul.o(.text) for __aeabi_dmul
    main.o(.text) refers to dfixui.o(.text) for __aeabi_d2uiz
    main.o(.text) refers to stm32f10x_tim.o(.text) for TIM_SetCompare2
    main.o(.text) refers to main.o(.conststring) for .conststring
    main.o(.text) refers to usart1.o(.data) for USART1_RX_STA
    main.o(.text) refers to usart1.o(.bss) for USART1_RX_BUF
    main.o(.text) refers to gps.o(.bss) for gpsinfo
    main.o(.text) refers to servodj.o(.data) for PwmDat
    system_stm32f10x.o(.text) refers to system_stm32f10x.o(.data) for .data
    led.o(.text) refers to stm32f10x_rcc.o(.text) for RCC_APB2PeriphClockCmd
    led.o(.text) refers to stm32f10x_gpio.o(.text) for GPIO_PinRemapConfig
    txxy.o(.text) refers to usart3.o(.text) for USART3_Send_Array
    txxy.o(.text) refers to delay.o(.text) for delay_ms
    txxy.o(.text) refers to strlen.o(.text) for strlen
    txxy.o(.text) refers to memseta.o(.text) for __aeabi_memset
    txxy.o(.text) refers to 24cxx.o(.text) for AT24CXX_Read
    txxy.o(.text) refers to printfa.o(i.__0sprintf) for __2sprintf
    txxy.o(.text) refers to f2d.o(.text) for __aeabi_f2d
    txxy.o(.text) refers to txxy.o(.bss) for .bss
    txxy.o(.text) refers to txxy.o(.data) for .data
    txxy.o(.text) refers to main.o(.data) for CHfg
    txxy.o(.text) refers to main.o(.bss) for Vfg
    usart1.o(.text) refers to stm32f10x_rcc.o(.text) for RCC_AHBPeriphClockCmd
    usart1.o(.text) refers to misc.o(.text) for NVIC_Init
    usart1.o(.text) refers to stm32f10x_dma.o(.text) for DMA_Cmd
    usart1.o(.text) refers to stm32f10x_gpio.o(.text) for GPIO_Init
    usart1.o(.text) refers to stm32f10x_usart.o(.text) for USART_Init
    usart1.o(.text) refers to printfa.o(i.__0vsnprintf) for vsnprintf
    usart1.o(.text) refers to strlen.o(.text) for strlen
    usart1.o(.text) refers to memcpya.o(.text) for __aeabi_memcpy
    usart1.o(.text) refers to usart1.o(.data) for .data
    usart1.o(.text) refers to usart1.o(.bss) for .bss
    usart3.o(.text) refers to stm32f10x_dma.o(.text) for DMA_Cmd
    usart3.o(.text) refers to printfa.o(i.__0vsnprintf) for vsnprintf
    usart3.o(.text) refers to strlen.o(.text) for strlen
    usart3.o(.text) refers to stm32f10x_rcc.o(.text) for RCC_AHBPeriphClockCmd
    usart3.o(.text) refers to misc.o(.text) for NVIC_Init
    usart3.o(.text) refers to stm32f10x_gpio.o(.text) for GPIO_Init
    usart3.o(.text) refers to stm32f10x_usart.o(.text) for USART_Init
[...]
    mpu_set_sensors                          0x080022ab   Thumb Code   172  inv_mpu.o(.text)
    mpu_set_bypass                           0x08002357   Thumb Code   276  inv_mpu.o(.text)
    mpu_reset_fifo                           0x0800246b   Thumb Code   378  inv_mpu.o(.text)
    mpu_configure_fifo                       0x080025e5   Thumb Code    92  inv_mpu.o(.text)
    mpu_set_lpf                              0x08002641   Thumb Code   120  inv_mpu.o(.text)
    mpu_lp_accel_mode                        0x080026b9   Thumb Code   206  inv_mpu.o(.text)
    mpu_set_sample_rate                      0x08002787   Thumb Code   128  inv_mpu.o(.text)
    mpu_set_accel_fsr                        0x08002807   Thumb Code   112  inv_mpu.o(.text)
    mpu_set_gyro_fsr                         0x08002877   Thumb Code   118  inv_mpu.o(.text)
    mpu_init                                 0x080028ed   Thumb Code   396  inv_mpu.o(.text)
    mget_ms                                  0x08002a79   Thumb Code     2  inv_mpu.o(.text)
    mpu_get_gyro_reg                         0x08002a7b   Thumb Code   100  inv_mpu.o(.text)
    mpu_get_accel_reg                        0x08002adf   Thumb Code    98  inv_mpu.o(.text)
    mpu_get_temperature                      0x08002b41   Thumb Code   126  inv_mpu.o(.text)
    mpu_set_accel_bias                       0x08002bbf   Thumb Code   302  inv_mpu.o(.text)
    mpu_get_gyro_fsr                         0x08002ced   Thumb Code    58  inv_mpu.o(.text)
    mpu_get_accel_fsr                        0x08002d27   Thumb Code    62  inv_mpu.o(.text)
    mpu_get_lpf                              0x08002d65   Thumb Code    64  inv_mpu.o(.text)
    mpu_get_sample_rate                      0x08002da5   Thumb Code    24  inv_mpu.o(.text)
    mpu_get_compass_sample_rate              0x08002dbd   Thumb Code     8  inv_mpu.o(.text)
    mpu_set_compass_sample_rate              0x08002dc5   Thumb Code     6  inv_mpu.o(.text)
    mpu_get_gyro_sens                        0x08002dcb   Thumb Code   114  inv_mpu.o(.text)
    mpu_get_accel_sens                       0x08002e3d   Thumb Code    70  inv_mpu.o(.text)
    mpu_get_fifo_config                      0x08002e83   Thumb Code    10  inv_mpu.o(.text)
    mpu_get_power_state                      0x08002e8d   Thumb Code    22  inv_mpu.o(.text)
    mpu_get_int_status                       0x08002ea3   Thumb Code    60  inv_mpu.o(.text)
    mpu_read_fifo                            0x08002edf   Thumb Code   416  inv_mpu.o(.text)
    mpu_read_fifo_stream                     0x0800307f   Thumb Code   166  inv_mpu.o(.text)
    mpu_set_int_level                        0x08003125   Thumb Code    10  inv_mpu.o(.text)
    mpu_set_dmp_state                        0x0800370b   Thumb Code   118  inv_mpu.o(.text)
    mpu_run_self_test                        0x08003781   Thumb Code   244  inv_mpu.o(.text)
    mpu_write_mem                            0x08003875   Thumb Code   104  inv_mpu.o(.text)
    mpu_read_mem                             0x080038dd   Thumb Code   104  inv_mpu.o(.text)
    mpu_load_firmware                        0x08003945   Thumb Code   174  inv_mpu.o(.text)
    mpu_get_dmp_state                        0x080039f3   Thumb Code    12  inv_mpu.o(.text)
    setup_compass                            0x080039ff   Thumb Code     6  inv_mpu.o(.text)
    mpu_get_compass_reg                      0x08003a05   Thumb Code     6  inv_mpu.o(.text)
    mpu_get_compass_fsr                      0x08003a0b   Thumb Code     6  inv_mpu.o(.text)
    mpu_lp_motion_interrupt                  0x08003a11   Thumb Code   448  inv_mpu.o(.text)
    run_self_test                            0x08003bd1   Thumb Code   128  inv_mpu.o(.text)
    inv_row_2_scale                          0x08003c51   Thumb Code    72  inv_mpu.o(.text)
    inv_orientation_matrix_to_scalar         0x08003c99   Thumb Code    36  inv_mpu.o(.text)
    mpu_dmp_init                             0x08003cbd   Thumb Code   136  inv_mpu.o(.text)
    mpu_dmp_get_data                         0x08003d45   Thumb Code   406  inv_mpu.o(.text)
    dmp_load_motion_driver_firmware          0x08003ee5   Thumb Code    16  inv_mpu_dmp_motion_driver.o(.text)
    dmp_set_orientation                      0x08003ef5   Thumb Code   260  inv_mpu_dmp_motion_driver.o(.text)
    dmp_set_gyro_bias                        0x08003ff9   Thumb Code   256  inv_mpu_dmp_motion_driver.o(.text)
    dmp_set_accel_bias                       0x080040f9   Thumb Code   260  inv_mpu_dmp_motion_driver.o(.text)
    dmp_set_fifo_rate                        0x080041fd   Thumb Code    96  inv_mpu_dmp_motion_driver.o(.text)
    dmp_get_fifo_rate                        0x0800425d   Thumb Code    10  inv_mpu_dmp_motion_driver.o(.text)
    dmp_set_tap_thresh                       0x08004267   Thumb Code   384  inv_mpu_dmp_motion_driver.o(.text)
    dmp_set_tap_axes                         0x080043e7   Thumb Code    56  inv_mpu_dmp_motion_driver.o(.text)
    dmp_set_tap_count                        0x0800441f   Thumb Code    34  inv_mpu_dmp_motion_driver.o(.text)
    dmp_set_tap_time                         0x08004441   Thumb Code    32  inv_mpu_dmp_motion_driver.o(.text)
    dmp_set_tap_time_multi                   0x08004461   Thumb Code    32  inv_mpu_dmp_motion_driver.o(.text)
    dmp_set_shake_reject_thresh              0x08004481   Thumb Code    48  inv_mpu_dmp_motion_driver.o(.text)
    dmp_set_shake_reject_time                0x080044b1   Thumb Code    32  inv_mpu_dmp_motion_driver.o(.text)
    dmp_set_shake_reject_timeout             0x080044d1   Thumb Code    32  inv_mpu_dmp_motion_driver.o(.text)
    dmp_get_pedometer_step_count             0x080044f1   Thumb Code    68  inv_mpu_dmp_motion_driver.o(.text)
    dmp_set_pedometer_step_count             0x08004535   Thumb Code    38  inv_mpu_dmp_motion_driver.o(.text)
    dmp_get_pedometer_walk_time              0x0800455b   Thumb Code    74  inv_mpu_dmp_motion_driver.o(.text)
    dmp_set_pedometer_walk_time              0x080045a5   Thumb Code    44  inv_mpu_dmp_motion_driver.o(.text)
    dmp_enable_6x_lp_quat                    0x080045d1   Thumb Code    60  inv_mpu_dmp_motion_driver.o(.text)
    dmp_enable_lp_quat                       0x0800460d   Thumb Code    60  inv_mpu_dmp_motion_driver.o(.text)
    dmp_enable_gyro_cal                      0x08004649   Thumb Code    62  inv_mpu_dmp_motion_driver.o(.text)
    dmp_enable_feature                       0x08004687   Thumb Code   520  inv_mpu_dmp_motion_driver.o(.text)
    dmp_get_enabled_features                 0x0800488f   Thumb Code    10  inv_mpu_dmp_motion_driver.o(.text)
    dmp_set_interrupt_mode                   0x080048d1   Thumb Code    76  inv_mpu_dmp_motion_driver.o(.text)
    dmp_read_fifo                            0x0800491d   Thumb Code   384  inv_mpu_dmp_motion_driver.o(.text)
    dmp_register_tap_cb                      0x08004a9d   Thumb Code     8  inv_mpu_dmp_motion_driver.o(.text)
    dmp_register_android_orient_cb           0x08004aa5   Thumb Code     8  inv_mpu_dmp_motion_driver.o(.text)
    TIM3_Configuration                       0x08004acd   Thumb Code   130  servodj.o(.text)
    DuoJi_Init                               0x08004b4f   Thumb Code    26  servodj.o(.text)
    TIM4_Set                                 0x08004b71   Thumb Code    34  usart2.o(.text)
    USART2_IRQHandler                        0x08004b93   Thumb Code    64  usart2.o(.text)
    TIM4_Init                                0x08004bd3   Thumb Code    88  usart2.o(.text)
    UART_DMA_Config                          0x08004c2b   Thumb Code    78  usart2.o(.text)
    USART2_Init                              0x08004c79   Thumb Code   172  usart2.o(.text)
    UART_DMA_Enable                          0x08004d25   Thumb Code    20  usart2.o(.text)
    u2_printf                                0x08004d39   Thumb Code    50  usart2.o(.text)
    TIM4_IRQHandler                          0x08004d6b   Thumb Code    34  usart2.o(.text)
    Uart2_PutChar                            0x08004d8d   Thumb Code    26  usart2.o(.text)
    Uart2_PutString                          0x08004da7   Thumb Code    28  usart2.o(.text)
    USART2_Clear                             0x08004dc3   Thumb Code     8  usart2.o(.text)
    GPRS_check_cmd                           0x08004df1   Thumb Code    20  usrcat1.o(.text)
    GPRS_send_cmd                            0x08004e05   Thumb Code   104  usrcat1.o(.text)
    LinkInitSet                              0x08004e6d   Thumb Code   350  usrcat1.o(.text)
    GetRevDat                                0x08004fcb   Thumb Code    72  usrcat1.o(.text)
    GSMInitSet                               0x08005013   Thumb Code   364  usrcat1.o(.text)
    CRC16_Calculate                          0x0800517f   Thumb Code    52  usrcat1.o(.text)
    USART2_Send_with_CRC                     0x080051b3   Thumb Code   742  usrcat1.o(.text)
    test_send_packet                         0x08005499   Thumb Code    64  usrcat1.o(.text)
    NMEA_Comma_Pos                           0x080054f1   Thumb Code    42  gps.o(.text)
    NMEA_Pow                                 0x0800551b   Thumb Code    16  gps.o(.text)
    NMEA_Str2num                             0x0800552b   Thumb Code   192  gps.o(.text)
    NMEA_GPGSV_Analysis                      0x080055eb   Thumb Code   224  gps.o(.text)
    NMEA_GPGGA_Analysis                      0x080056cb   Thumb Code    88  gps.o(.text)
    NMEA_GPGSA_Analysis                      0x08005723   Thumb Code   150  gps.o(.text)
    NMEA_GPRMC_Analysis                      0x080057b9   Thumb Code   464  gps.o(.text)
    NMEA_GPVTG_Analysis                      0x08005989   Thumb Code    68  gps.o(.text)
    GPS_Analysis                             0x080059cd   Thumb Code    52  gps.o(.text)
    Ublox_CheckSum                           0x08005a01   Thumb Code    34  gps.o(.text)
    UTCToBeijing                             0x08005a23   Thumb Code   166  gps.o(.text)
    distance_jw                              0x08005ac9   Thumb Code   284  gps.o(.text)
    distance_MJ                              0x08005be5   Thumb Code   258  gps.o(.text)
    delay_osschedlock                        0x08005cfd   Thumb Code     4  delay.o(.text)
    delay_osschedunlock                      0x08005d01   Thumb Code     4  delay.o(.text)
    delay_ostimedly                          0x08005d05   Thumb Code     4  delay.o(.text)
    SysTick_Handler                          0x08005d09   Thumb Code    28  delay.o(.text)
    delay_init                               0x08005d25   Thumb Code    62  delay.o(.text)
    delay_us                                 0x08005d63   Thumb Code    62  delay.o(.text)
    delay_ms                                 0x08005da1   Thumb Code    56  delay.o(.text)
    Reset_Handler                            0x08005ded   Thumb Code     8  startup_stm32f10x_hd.o(.text)
    ADC1_2_IRQHandler                        0x08005e07   Thumb Code     0  startup_stm32f10x_hd.o(.text)
    ADC3_IRQHandler                          0x08005e07   Thumb Code     0  startup_stm32f10x_hd.o(.text)
    CAN1_RX1_IRQHandler                      0x08005e07   Thumb Code     0  startup_stm32f10x_hd.o(.text)
    CAN1_SCE_IRQHandler                      0x08005e07   Thumb Code     0  startup_stm32f10x_hd.o(.text)
    DMA1_Channel1_IRQHandler                 0x08005e07   Thumb Code     0  startup_stm32f10x_hd.o(.text)
    DMA1_Channel6_IRQHandler                 0x08005e07   Thumb Code     0  startup_stm32f10x_hd.o(.text)
    DMA1_Channel7_IRQHandler                 0x08005e07   Thumb Code     0  startup_stm32f10x_hd.o(.text)
    DMA2_Channel1_IRQHandler                 0x08005e07   Thumb Code     0  startup_stm32f10x_hd.o(.text)
    DMA2_Channel2_IRQHandler                 0x08005e07   Thumb Code     0  startup_stm32f10x_hd.o(.text)
    DMA2_Channel3_IRQHandler                 0x08005e07   Thumb Code     0  startup_stm32f10x_hd.o(.text)
    DMA2_Channel4_5_IRQHandler               0x08005e07   Thumb Code     0  startup_stm32f10x_hd.o(.text)
    EXTI0_IRQHandler                         0x08005e07   Thumb Code     0  startup_stm32f10x_hd.o(.text)
    EXTI15_10_IRQHandler                     0x08005e07   Thumb Code     0  startup_stm32f10x_hd.o(.text)
    EXTI1_IRQHandler                         0x08005e07   Thumb Code     0  startup_stm32f10x_hd.o(.text)
    EXTI2_IRQHandler                         0x08005e07   Thumb Code     0  startup_stm32f10x_hd.o(.text)
    EXTI3_IRQHandler                         0x08005e07   Thumb Code     0  startup_stm32f10x_hd.o(.text)
    EXTI4_IRQHandler                         0x08005e07   Thumb Code     0  startup_stm32f10x_hd.o(.text)
    EXTI9_5_IRQHandler                       0x08005e07   Thumb Code     0  startup_stm32f10x_hd.o(.text)
    FLASH_IRQHandler                         0x08005e07   Thumb Code     0  startup_stm32f10x_hd.o(.text)
    FSMC_IRQHandler                          0x08005e07   Thumb Code     0  startup_stm32f10x_hd.o(.text)
    I2C1_ER_IRQHandler                       0x08005e07   Thumb Code     0  startup_stm32f10x_hd.o(.text)
    I2C1_EV_IRQHandler                       0x08005e07   Thumb Code     0  startup_stm32f10x_hd.o(.text)
    I2C2_ER_IRQHandler                       0x08005e07   Thumb Code     0  startup_stm32f10x_hd.o(.text)
    I2C2_EV_IRQHandler                       0x08005e07   Thumb Code     0  startup_stm32f10x_hd.o(.text)
    PVD_IRQHandler                           0x08005e07   Thumb Code     0  startup_stm32f10x_hd.o(.text)
    RCC_IRQHandler                           0x08005e07   Thumb Code     0  startup_stm32f10x_hd.o(.text)
    RTCAlarm_IRQHandler                      0x08005e07   Thumb Code     0  startup_stm32f10x_hd.o(.text)
    RTC_IRQHandler                           0x08005e07   Thumb Code     0  startup_stm32f10x_hd.o(.text)
    SDIO_IRQHandler                          0x08005e07   Thumb Code     0  startup_stm32f10x_hd.o(.text)
    SPI1_IRQHandler                          0x08005e07   Thumb Code     0  startup_stm32f10x_hd.o(.text)
    SPI2_IRQHandler                          0x08005e07   Thumb Code     0  startup_stm32f10x_hd.o(.text)
    SPI3_IRQHandler                          0x08005e07   Thumb Code     0  startup_stm32f10x_hd.o(.text)
    TAMPER_IRQHandler                        0x08005e07   Thumb Code     0  startup_stm32f10x_hd.o(.text)
    TIM1_BRK_IRQHandler                      0x08005e07   Thumb Code     0  startup_stm32f10x_hd.o(.text)
    TIM1_CC_IRQHandler                       0x08005e07   Thumb Code     0  startup_stm32f10x_hd.o(.text)
    TIM1_TRG_COM_IRQHandler                  0x08005e07   Thumb Code     0  startup_stm32f10x_hd.o(.text)
    TIM1_UP_IRQHandler                       0x08005e07   Thumb Code     0  startup_stm32f10x_hd.o(.text)
    TIM2_IRQHandler                          0x08005e07   Thumb Code     0  startup_stm32f10x_hd.o(.text)
    TIM3_IRQHandler                          0x08005e07   Thumb Code     0  startup_stm32f10x_hd.o(.text)
    TIM5_IRQHandler                          0x08005e07   Thumb Code     0  startup_stm32f10x_hd.o(.text)
    TIM6_IRQHandler                          0x08005e07   Thumb Code     0  startup_stm32f10x_hd.o(.text)
    TIM7_IRQHandler                          0x08005e07   Thumb Code     0  startup_stm32f10x_hd.o(.text)
    TIM8_BRK_IRQHandler                      0x08005e07   Thumb Code     0  startup_stm32f10x_hd.o(.text)
    TIM8_CC_IRQHandler                       0x08005e07   Thumb Code     0  startup_stm32f10x_hd.o(.text)
    TIM8_TRG_COM_IRQHandler                  0x08005e07   Thumb Code     0  startup_stm32f10x_hd.o(.text)
    TIM8_UP_IRQHandler                       0x08005e07   Thumb Code     0  startup_stm32f10x_hd.o(.text)
    UART4_IRQHandler                         0x08005e07   Thumb Code     0  startup_stm32f10x_hd.o(.text)
    UART5_IRQHandler                         0x08005e07   Thumb Code     0  startup_stm32f10x_hd.o(.text)
    USBWakeUp_IRQHandler                     0x08005e07   Thumb Code     0  startup_stm32f10x_hd.o(.text)
    USB_HP_CAN1_TX_IRQHandler                0x08005e07   Thumb Code     0  startup_stm32f10x_hd.o(.text)
    USB_LP_CAN1_RX0_IRQHandler               0x08005e07   Thumb Code     0  startup_stm32f10x_hd.o(.text)
    WWDG_IRQHandler                          0x08005e07   Thumb Code     0  startup_stm32f10x_hd.o(.text)
    GPIO_DeInit                              0x08005e11   Thumb Code   188  stm32f10x_gpio.o(.text)
    GPIO_AFIODeInit                          0x08005ecd   Thumb Code    22  stm32f10x_gpio.o(.text)
    GPIO_Init                                0x08005ee3   Thumb Code   166  stm32f10x_gpio.o(.text)
    GPIO_StructInit                          0x08005f89   Thumb Code    16  stm32f10x_gpio.o(.text)
    GPIO_ReadInputDataBit                    0x08005f99   Thumb Code    14  stm32f10x_gpio.o(.text)
    GPIO_ReadInputData                       0x08005fa7   Thumb Code     6  stm32f10x_gpio.o(.text)
    GPIO_ReadOutputDataBit                   0x08005fad   Thumb Code    14  stm32f10x_gpio.o(.text)
    GPIO_ReadOutputData                      0x08005fbb   Thumb Code     6  stm32f10x_gpio.o(.text)
    GPIO_SetBits                             0x08005fc1   Thumb Code     4  stm32f10x_gpio.o(.text)
    GPIO_ResetBits                           0x08005fc5   Thumb Code     4  stm32f10x_gpio.o(.text)
    GPIO_WriteBit                            0x08005fc9   Thumb Code    12  stm32f10x_gpio.o(.text)
    GPIO_Write                               0x08005fd5   Thumb Code     4  stm32f10x_gpio.o(.text)
    GPIO_PinLockConfig                       0x08005fd9   Thumb Code    16  stm32f10x_gpio.o(.text)
    GPIO_EventOutputConfig                   0x08005fe9   Thumb Code    22  stm32f10x_gpio.o(.text)
    GPIO_EventOutputCmd                      0x08005fff   Thumb Code     6  stm32f10x_gpio.o(.text)
    GPIO_PinRemapConfig                      0x08006005   Thumb Code    86  stm32f10x_gpio.o(.text)
    GPIO_EXTILineConfig                      0x0800605b   Thumb Code    34  stm32f10x_gpio.o(.text)
    GPIO_ETH_MediaInterfaceConfig            0x0800607d   Thumb Code     8  stm32f10x_gpio.o(.text)
    RCC_DeInit                               0x080060a9   Thumb Code    50  stm32f10x_rcc.o(.text)
    RCC_HSEConfig                            0x080060db   Thumb Code    50  stm32f10x_rcc.o(.text)
    RCC_GetFlagStatus                        0x0800610d   Thumb Code    42  stm32f10x_rcc.o(.text)
    RCC_WaitForHSEStartUp                    0x08006137   Thumb Code    48  stm32f10x_rcc.o(.text)
    RCC_AdjustHSICalibrationValue            0x08006167   Thumb Code    16  stm32f10x_rcc.o(.text)
    RCC_HSICmd                               0x08006177   Thumb Code     6  stm32f10x_rcc.o(.text)
    RCC_PLLConfig                            0x0800617d   Thumb Code    16  stm32f10x_rcc.o(.text)
    RCC_PLLCmd                               0x0800618d   Thumb Code     6  stm32f10x_rcc.o(.text)
    RCC_SYSCLKConfig                         0x08006193   Thumb Code    14  stm32f10x_rcc.o(.text)
    RCC_GetSYSCLKSource                      0x080061a1   Thumb Code    10  stm32f10x_rcc.o(.text)
    RCC_HCLKConfig                           0x080061ab   Thumb Code    14  stm32f10x_rcc.o(.text)
    RCC_PCLK1Config                          0x080061b9   Thumb Code    14  stm32f10x_rcc.o(.text)
    RCC_PCLK2Config                          0x080061c7   Thumb Code    16  stm32f10x_rcc.o(.text)
    RCC_ITConfig                             0x080061d7   Thumb Code    22  stm32f10x_rcc.o(.text)
    RCC_USBCLKConfig                         0x080061ed   Thumb Code     8  stm32f10x_rcc.o(.text)
    RCC_ADCCLKConfig                         0x080061f5   Thumb Code    14  stm32f10x_rcc.o(.text)
    RCC_LSEConfig                            0x08006203   Thumb Code    36  stm32f10x_rcc.o(.text)
    RCC_LSICmd                               0x08006227   Thumb Code     6  stm32f10x_rcc.o(.text)
    RCC_RTCCLKConfig                         0x0800622d   Thumb Code    10  stm32f10x_rcc.o(.text)
    RCC_RTCCLKCmd                            0x08006237   Thumb Code     8  stm32f10x_rcc.o(.text)
    RCC_GetClocksFreq                        0x0800623f   Thumb Code   154  stm32f10x_rcc.o(.text)
    RCC_AHBPeriphClockCmd                    0x080062d9   Thumb Code    22  stm32f10x_rcc.o(.text)
    RCC_APB2PeriphClockCmd                   0x080062ef   Thumb Code    22  stm32f10x_rcc.o(.text)
    RCC_APB1PeriphClockCmd                   0x08006305   Thumb Code    22  stm32f10x_rcc.o(.text)
    RCC_APB2PeriphResetCmd                   0x0800631b   Thumb Code    22  stm32f10x_rcc.o(.text)
    RCC_APB1PeriphResetCmd                   0x08006331   Thumb Code    22  stm32f10x_rcc.o(.text)
    RCC_BackupResetCmd                       0x08006347   Thumb Code     8  stm32f10x_rcc.o(.text)
    RCC_ClockSecuritySystemCmd               0x0800634f   Thumb Code     6  stm32f10x_rcc.o(.text)
    RCC_MCOConfig                            0x08006355   Thumb Code     6  stm32f10x_rcc.o(.text)
    RCC_ClearFlag                            0x0800635b   Thumb Code    12  stm32f10x_rcc.o(.text)
    RCC_GetITStatus                          0x08006367   Thumb Code    16  stm32f10x_rcc.o(.text)
    RCC_ClearITPendingBit                    0x08006377   Thumb Code     6  stm32f10x_rcc.o(.text)
    USART_DeInit                             0x0800639d   Thumb Code   144  stm32f10x_usart.o(.text)
    USART_Init                               0x0800642d   Thumb Code   182  stm32f10x_usart.o(.text)
    USART_StructInit                         0x080064e3   Thumb Code    22  stm32f10x_usart.o(.text)
    USART_ClockInit                          0x080064f9   Thumb Code    30  stm32f10x_usart.o(.text)
    USART_ClockStructInit                    0x08006517   Thumb Code    12  stm32f10x_usart.o(.text)
    USART_Cmd                                0x08006523   Thumb Code    24  stm32f10x_usart.o(.text)
    USART_ITConfig                           0x0800653b   Thumb Code    54  stm32f10x_usart.o(.text)
    USART_DMACmd                             0x08006571   Thumb Code    20  stm32f10x_usart.o(.text)
    USART_SetAddress                         0x08006585   Thumb Code    16  stm32f10x_usart.o(.text)
    USART_WakeUpConfig                       0x08006595   Thumb Code    16  stm32f10x_usart.o(.text)
    USART_ReceiverWakeUpCmd                  0x080065a5   Thumb Code    24  stm32f10x_usart.o(.text)
    USART_LINBreakDetectLengthConfig         0x080065bd   Thumb Code    16  stm32f10x_usart.o(.text)
    USART_LINCmd                             0x080065cd   Thumb Code    24  stm32f10x_usart.o(.text)
    USART_SendData                           0x080065e5   Thumb Code     8  stm32f10x_usart.o(.text)
    USART_ReceiveData                        0x080065ed   Thumb Code     8  stm32f10x_usart.o(.text)
    USART_SendBreak                          0x080065f5   Thumb Code    10  stm32f10x_usart.o(.text)
    USART_SetGuardTime                       0x080065ff   Thumb Code    16  stm32f10x_usart.o(.text)
    USART_SetPrescaler                       0x0800660f   Thumb Code    16  stm32f10x_usart.o(.text)
    USART_SmartCardCmd                       0x0800661f   Thumb Code    24  stm32f10x_usart.o(.text)
    USART_SmartCardNACKCmd                   0x08006637   Thumb Code    24  stm32f10x_usart.o(.text)
    USART_HalfDuplexCmd                      0x0800664f   Thumb Code    24  stm32f10x_usart.o(.text)
    USART_OverSampling8Cmd                   0x08006667   Thumb Code    24  stm32f10x_usart.o(.text)
    USART_OneBitMethodCmd                    0x0800667f   Thumb Code    24  stm32f10x_usart.o(.text)
    USART_IrDAConfig                         0x08006697   Thumb Code    16  stm32f10x_usart.o(.text)
    USART_IrDACmd                            0x080066a7   Thumb Code    24  stm32f10x_usart.o(.text)
    USART_GetFlagStatus                      0x080066bf   Thumb Code    14  stm32f10x_usart.o(.text)
    USART_ClearFlag                          0x080066cd   Thumb Code     8  stm32f10x_usart.o(.text)
    USART_GetITStatus                        0x080066d5   Thumb Code    64  stm32f10x_usart.o(.text)
    USART_ClearITPendingBit                  0x08006715   Thumb Code    16  stm32f10x_usart.o(.text)
    NVIC_PriorityGroupConfig                 0x08006739   Thumb Code    10  misc.o(.text)
    NVIC_Init                                0x08006743   Thumb Code    96  misc.o(.text)
    NVIC_SetVectorTable                      0x080067a3   Thumb Code    14  misc.o(.text)
    NVIC_SystemLPConfig                      0x080067b1   Thumb Code    24  misc.o(.text)
    SysTick_CLKSourceConfig                  0x080067c9   Thumb Code    28  misc.o(.text)
    ADC_DeInit                               0x080067f1   Thumb Code    88  stm32f10x_adc.o(.text)
    ADC_Init                                 0x08006849   Thumb Code    62  stm32f10x_adc.o(.text)
    ADC_StructInit                           0x08006887   Thumb Code    18  stm32f10x_adc.o(.text)
    ADC_Cmd                                  0x08006899   Thumb Code    24  stm32f10x_adc.o(.text)
    ADC_DMACmd                               0x080068b1   Thumb Code    24  stm32f10x_adc.o(.text)
    ADC_ITConfig                             0x080068c9   Thumb Code    22  stm32f10x_adc.o(.text)
    ADC_ResetCalibration                     0x080068df   Thumb Code    10  stm32f10x_adc.o(.text)
    ADC_GetResetCalibrationStatus            0x080068e9   Thumb Code    14  stm32f10x_adc.o(.text)
    ADC_StartCalibration                     0x080068f7   Thumb Code    10  stm32f10x_adc.o(.text)
    ADC_GetCalibrationStatus                 0x08006901   Thumb Code    14  stm32f10x_adc.o(.text)
    ADC_SoftwareStartConvCmd                 0x0800690f   Thumb Code    24  stm32f10x_adc.o(.text)
    ADC_GetSoftwareStartConvStatus           0x08006927   Thumb Code    14  stm32f10x_adc.o(.text)
    ADC_DiscModeChannelCountConfig           0x08006935   Thumb Code    16  stm32f10x_adc.o(.text)
    ADC_DiscModeCmd                          0x08006945   Thumb Code    24  stm32f10x_adc.o(.text)
    ADC_RegularChannelConfig                 0x0800695d   Thumb Code   116  stm32f10x_adc.o(.text)
    ADC_ExternalTrigConvCmd                  0x080069d1   Thumb Code    24  stm32f10x_adc.o(.text)
    ADC_GetConversionValue                   0x080069e9   Thumb Code     6  stm32f10x_adc.o(.text)
    ADC_GetDualModeConversionValue           0x080069ef   Thumb Code     8  stm32f10x_adc.o(.text)
    ADC_AutoInjectedConvCmd                  0x080069f7   Thumb Code    24  stm32f10x_adc.o(.text)
    ADC_InjectedDiscModeCmd                  0x08006a0f   Thumb Code    24  stm32f10x_adc.o(.text)
    ADC_ExternalTrigInjectedConvConfig       0x08006a27   Thumb Code    12  stm32f10x_adc.o(.text)
    ADC_ExternalTrigInjectedConvCmd          0x08006a33   Thumb Code    24  stm32f10x_adc.o(.text)
    ADC_SoftwareStartInjectedConvCmd         0x08006a4b   Thumb Code    24  stm32f10x_adc.o(.text)
    ADC_GetSoftwareStartInjectedConvCmdStatus 0x08006a63   Thumb Code    14  stm32f10x_adc.o(.text)
    ADC_InjectedChannelConfig                0x08006a71   Thumb Code    74  stm32f10x_adc.o(.text)
    ADC_InjectedSequencerLengthConfig        0x08006abb   Thumb Code    16  stm32f10x_adc.o(.text)
    ADC_SetInjectedOffset                    0x08006acb   Thumb Code    16  stm32f10x_adc.o(.text)
    ADC_GetInjectedConversionValue           0x08006adb   Thumb Code    20  stm32f10x_adc.o(.text)
    ADC_AnalogWatchdogCmd                    0x08006aef   Thumb Code    12  stm32f10x_adc.o(.text)
    ADC_AnalogWatchdogThresholdsConfig       0x08006afb   Thumb Code     6  stm32f10x_adc.o(.text)
    ADC_AnalogWatchdogSingleChannelConfig    0x08006b01   Thumb Code    12  stm32f10x_adc.o(.text)
    ADC_TempSensorVrefintCmd                 0x08006b0d   Thumb Code    28  stm32f10x_adc.o(.text)
    ADC_GetFlagStatus                        0x08006b29   Thumb Code    14  stm32f10x_adc.o(.text)
    ADC_ClearFlag                            0x08006b37   Thumb Code     6  stm32f10x_adc.o(.text)
    ADC_GetITStatus                          0x08006b3d   Thumb Code    28  stm32f10x_adc.o(.text)
    ADC_ClearITPendingBit                    0x08006b59   Thumb Code     8  stm32f10x_adc.o(.text)
    DMA_DeInit                               0x08006b79   Thumb Code   238  stm32f10x_dma.o(.text)
    DMA_Init                                 0x08006c67   Thumb Code    58  stm32f10x_dma.o(.text)
    DMA_StructInit                           0x08006ca1   Thumb Code    26  stm32f10x_dma.o(.text)
    DMA_Cmd                                  0x08006cbb   Thumb Code    26  stm32f10x_dma.o(.text)
    DMA_ITConfig                             0x08006cd5   Thumb Code    20  stm32f10x_dma.o(.text)
    DMA_SetCurrDataCounter                   0x08006ce9   Thumb Code     4  stm32f10x_dma.o(.text)
    DMA_GetCurrDataCounter                   0x08006ced   Thumb Code     6  stm32f10x_dma.o(.text)
    DMA_GetFlagStatus                        0x08006cf3   Thumb Code    30  stm32f10x_dma.o(.text)
    DMA_ClearFlag                            0x08006d11   Thumb Code    20  stm32f10x_dma.o(.text)
    DMA_GetITStatus                          0x08006d25   Thumb Code    30  stm32f10x_dma.o(.text)
    DMA_ClearITPendingBit                    0x08006d43   Thumb Code    20  stm32f10x_dma.o(.text)
    TIM_DeInit                               0x08006d61   Thumb Code   464  stm32f10x_tim.o(.text)
    TIM_TimeBaseInit                         0x08006f31   Thumb Code   114  stm32f10x_tim.o(.text)
    TIM_OC1Init                              0x08006fa3   Thumb Code   114  stm32f10x_tim.o(.text)
    TIM_OC2Init                              0x08007015   Thumb Code   128  stm32f10x_tim.o(.text)
    TIM_OC3Init                              0x08007095   Thumb Code   124  stm32f10x_tim.o(.text)
    TIM_OC4Init                              0x08007111   Thumb Code   160  stm32f10x_tim.o(.text)
    TIM_SetIC4Prescaler                      0x080071b1   Thumb Code    24  stm32f10x_tim.o(.text)
    TIM_SetIC3Prescaler                      0x0800722f   Thumb Code    16  stm32f10x_tim.o(.text)
    TIM_SetIC2Prescaler                      0x080072a1   Thumb Code    24  stm32f10x_tim.o(.text)
    TIM_SetIC1Prescaler                      0x0800731f   Thumb Code    16  stm32f10x_tim.o(.text)
    TIM_ICInit                               0x0800738d   Thumb Code   114  stm32f10x_tim.o(.text)
    TIM_PWMIConfig                           0x080073ff   Thumb Code   106  stm32f10x_tim.o(.text)
    TIM_BDTRConfig                           0x08007469   Thumb Code    34  stm32f10x_tim.o(.text)
    TIM_TimeBaseStructInit                   0x0800748b   Thumb Code    18  stm32f10x_tim.o(.text)
    TIM_OCStructInit                         0x0800749d   Thumb Code    20  stm32f10x_tim.o(.text)
    TIM_ICStructInit                         0x080074b1   Thumb Code    16  stm32f10x_tim.o(.text)
    TIM_BDTRStructInit                       0x080074c1   Thumb Code    18  stm32f10x_tim.o(.text)
    TIM_Cmd                                  0x080074d3   Thumb Code    24  stm32f10x_tim.o(.text)
    TIM_CtrlPWMOutputs                       0x080074eb   Thumb Code    28  stm32f10x_tim.o(.text)
    TIM_ITConfig                             0x08007507   Thumb Code    20  stm32f10x_tim.o(.text)
    TIM_GenerateEvent                        0x0800751b   Thumb Code     4  stm32f10x_tim.o(.text)
    TIM_DMAConfig                            0x0800751f   Thumb Code     8  stm32f10x_tim.o(.text)
    TIM_DMACmd                               0x08007527   Thumb Code    20  stm32f10x_tim.o(.text)
    TIM_InternalClockConfig                  0x0800753b   Thumb Code    10  stm32f10x_tim.o(.text)
    TIM_SelectInputTrigger                   0x08007545   Thumb Code    12  stm32f10x_tim.o(.text)
    TIM_ITRxExternalClockConfig              0x08007551   Thumb Code    20  stm32f10x_tim.o(.text)
    TIM_TIxExternalClockConfig               0x08007565   Thumb Code    48  stm32f10x_tim.o(.text)
    TIM_ETRConfig                            0x08007595   Thumb Code    24  stm32f10x_tim.o(.text)
    TIM_ETRClockMode1Config                  0x080075ad   Thumb Code    52  stm32f10x_tim.o(.text)
    TIM_ETRClockMode2Config                  0x080075e1   Thumb Code    20  stm32f10x_tim.o(.text)
    TIM_PrescalerConfig                      0x080075f5   Thumb Code     6  stm32f10x_tim.o(.text)
    TIM_CounterModeConfig                    0x080075fb   Thumb Code    12  stm32f10x_tim.o(.text)
    TIM_EncoderInterfaceConfig               0x08007607   Thumb Code    50  stm32f10x_tim.o(.text)
    TIM_ForcedOC1Config                      0x08007639   Thumb Code    12  stm32f10x_tim.o(.text)
    TIM_ForcedOC2Config                      0x08007645   Thumb Code    20  stm32f10x_tim.o(.text)
    TIM_ForcedOC3Config                      0x08007659   Thumb Code    12  stm32f10x_tim.o(.text)
    TIM_ForcedOC4Config                      0x08007665   Thumb Code    20  stm32f10x_tim.o(.text)
    TIM_ARRPreloadConfig                     0x08007679   Thumb Code    24  stm32f10x_tim.o(.text)
    TIM_SelectCOM                            0x08007691   Thumb Code    24  stm32f10x_tim.o(.text)
    TIM_SelectCCDMA                          0x080076a9   Thumb Code    24  stm32f10x_tim.o(.text)
    TIM_CCPreloadControl                     0x080076c1   Thumb Code    24  stm32f10x_tim.o(.text)
    TIM_OC1PreloadConfig                     0x080076d9   Thumb Code    12  stm32f10x_tim.o(.text)
    TIM_OC2PreloadConfig                     0x080076e5   Thumb Code    20  stm32f10x_tim.o(.text)
    TIM_OC3PreloadConfig                     0x080076f9   Thumb Code    12  stm32f10x_tim.o(.text)
    TIM_OC4PreloadConfig                     0x08007705   Thumb Code    20  stm32f10x_tim.o(.text)
    TIM_OC1FastConfig                        0x08007719   Thumb Code    12  stm32f10x_tim.o(.text)
    TIM_OC2FastConfig                        0x08007725   Thumb Code    20  stm32f10x_tim.o(.text)
    TIM_OC3FastConfig                        0x08007739   Thumb Code    12  stm32f10x_tim.o(.text)
    TIM_OC4FastConfig                        0x08007745   Thumb Code    20  stm32f10x_tim.o(.text)
    TIM_ClearOC1Ref                          0x08007759   Thumb Code    12  stm32f10x_tim.o(.text)
    TIM_ClearOC2Ref                          0x08007765   Thumb Code    20  stm32f10x_tim.o(.text)
    TIM_ClearOC3Ref                          0x08007779   Thumb Code    12  stm32f10x_tim.o(.text)
    TIM_ClearOC4Ref                          0x08007785   Thumb Code    20  stm32f10x_tim.o(.text)
    TIM_OC1PolarityConfig                    0x08007799   Thumb Code    12  stm32f10x_tim.o(.text)
    TIM_OC1NPolarityConfig                   0x080077a5   Thumb Code    12  stm32f10x_tim.o(.text)
    TIM_OC2PolarityConfig                    0x080077b1   Thumb Code    20  stm32f10x_tim.o(.text)
    TIM_OC2NPolarityConfig                   0x080077c5   Thumb Code    20  stm32f10x_tim.o(.text)
    TIM_OC3PolarityConfig                    0x080077d9   Thumb Code    20  stm32f10x_tim.o(.text)
    TIM_OC3NPolarityConfig                   0x080077ed   Thumb Code    20  stm32f10x_tim.o(.text)
    TIM_OC4PolarityConfig                    0x08007801   Thumb Code    20  stm32f10x_tim.o(.text)
    TIM_CCxCmd                               0x08007815   Thumb Code    22  stm32f10x_tim.o(.text)
    TIM_CCxNCmd                              0x0800782b   Thumb Code    22  stm32f10x_tim.o(.text)
    TIM_SelectOCxM                           0x08007841   Thumb Code    76  stm32f10x_tim.o(.text)
    TIM_UpdateDisableConfig                  0x0800788d   Thumb Code    24  stm32f10x_tim.o(.text)
    TIM_UpdateRequestConfig                  0x080078a5   Thumb Code    24  stm32f10x_tim.o(.text)
    TIM_SelectHallSensor                     0x080078bd   Thumb Code    24  stm32f10x_tim.o(.text)
    TIM_SelectOnePulseMode                   0x080078d5   Thumb Code    16  stm32f10x_tim.o(.text)
    TIM_SelectOutputTrigger                  0x080078e5   Thumb Code    16  stm32f10x_tim.o(.text)
    TIM_SelectSlaveMode                      0x080078f5   Thumb Code    16  stm32f10x_tim.o(.text)
    TIM_SelectMasterSlaveMode                0x08007905   Thumb Code    16  stm32f10x_tim.o(.text)
    TIM_SetCounter                           0x08007915   Thumb Code     4  stm32f10x_tim.o(.text)
    TIM_SetAutoreload                        0x08007919   Thumb Code     4  stm32f10x_tim.o(.text)
    TIM_SetCompare1                          0x0800791d   Thumb Code     4  stm32f10x_tim.o(.text)
    TIM_SetCompare2                          0x08007921   Thumb Code     4  stm32f10x_tim.o(.text)
    TIM_SetCompare3                          0x08007925   Thumb Code     4  stm32f10x_tim.o(.text)
    TIM_SetCompare4                          0x08007929   Thumb Code     6  stm32f10x_tim.o(.text)
    TIM_SetClockDivision                     0x0800792f   Thumb Code    16  stm32f10x_tim.o(.text)
    TIM_GetCapture1                          0x0800793f   Thumb Code     4  stm32f10x_tim.o(.text)
    TIM_GetCapture2                          0x08007943   Thumb Code     4  stm32f10x_tim.o(.text)
    TIM_GetCapture3                          0x08007947   Thumb Code     4  stm32f10x_tim.o(.text)
    TIM_GetCapture4                          0x0800794b   Thumb Code     6  stm32f10x_tim.o(.text)
    TIM_GetCounter                           0x08007951   Thumb Code     4  stm32f10x_tim.o(.text)
    TIM_GetPrescaler                         0x08007955   Thumb Code     4  stm32f10x_tim.o(.text)
    TIM_GetFlagStatus                        0x08007959   Thumb Code    14  stm32f10x_tim.o(.text)
    TIM_ClearFlag                            0x08007967   Thumb Code     6  stm32f10x_tim.o(.text)
    TIM_GetITStatus                          0x0800796d   Thumb Code    24  stm32f10x_tim.o(.text)
    TIM_ClearITPendingBit                    0x08007985   Thumb Code     6  stm32f10x_tim.o(.text)
    OS_TaskStatStkChk                        0x0800798d   Thumb Code    50  os_core.o(.text)
    OS_TaskStat                              0x080079bf   Thumb Code    82  os_core.o(.text)
    OS_TaskIdle                              0x08007a45   Thumb Code    22  os_core.o(.text)
    OS_MemClr                                0x08007a91   Thumb Code    18  os_core.o(.text)
    OSInit                                   0x08007b83   Thumb Code    46  os_core.o(.text)
    OSIntEnter                               0x08007bb1   Thumb Code    20  os_core.o(.text)
    OSIntExit                                0x08007bdd   Thumb Code    80  os_core.o(.text)
    OSSchedLock                              0x08007c2d   Thumb Code    38  os_core.o(.text)
    OS_Sched                                 0x08007c53   Thumb Code    64  os_core.o(.text)
    OSSchedUnlock                            0x08007c93   Thumb Code    66  os_core.o(.text)
    OSStart                                  0x08007cd5   Thumb Code    38  os_core.o(.text)
    OSStatInit                               0x08007cfb   Thumb Code    48  os_core.o(.text)
    OSTimeTick                               0x08007d2b   Thumb Code   230  os_core.o(.text)
    OSVersion                                0x08007e11   Thumb Code     6  os_core.o(.text)
    OS_Dummy                                 0x08007e17   Thumb Code     2  os_core.o(.text)
    OS_EventTaskRemove                       0x08007e19   Thumb Code    34  os_core.o(.text)
    OS_EventTaskRdy                          0x08007e3b   Thumb Code    86  os_core.o(.text)
    OS_EventTaskWait                         0x08007e91   Thumb Code    68  os_core.o(.text)
    OS_EventWaitListInit                     0x08007ed5   Thumb Code    20  os_core.o(.text)
    OS_MemCopy                               0x08007ee9   Thumb Code    20  os_core.o(.text)
    OS_StrLen                                0x08007efd   Thumb Code    20  os_core.o(.text)
    OS_TCBInit                               0x08007f11   Thumb Code   228  os_core.o(.text)
    OSFlagAccept                             0x08008001   Thumb Code   202  os_flag.o(.text)
    OSFlagCreate                             0x080080cb   Thumb Code    70  os_flag.o(.text)
    OS_FlagUnlink                            0x08008111   Thumb Code    34  os_flag.o(.text)
    OSFlagDel                                0x08008179   Thumb Code   202  os_flag.o(.text)
    OSFlagNameGet                            0x08008243   Thumb Code    76  os_flag.o(.text)
    OSFlagNameSet                            0x0800828f   Thumb Code    54  os_flag.o(.text)
    OSFlagPend                               0x0800831d   Thumb Code   574  os_flag.o(.text)
    OSFlagPendGetFlagsRdy                    0x0800855b   Thumb Code    20  os_flag.o(.text)
    OSFlagPost                               0x0800856f   Thumb Code   232  os_flag.o(.text)
    OSFlagQuery                              0x08008657   Thumb Code    38  os_flag.o(.text)
    OS_FlagInit                              0x0800867d   Thumb Code    64  os_flag.o(.text)
    OSQAccept                                0x080086c9   Thumb Code    78  os_q.o(.text)
    OSQCreate                                0x08008717   Thumb Code   112  os_q.o(.text)
    OSQDel                                   0x08008787   Thumb Code   224  os_q.o(.text)
    OSQFlush                                 0x08008867   Thumb Code    30  os_q.o(.text)
    OSQPend                                  0x08008885   Thumb Code   214  os_q.o(.text)
    OSQPendAbort                             0x0800895b   Thumb Code   110  os_q.o(.text)
    OSQPost                                  0x080089c9   Thumb Code   108  os_q.o(.text)
    OSQPostFront                             0x08008a35   Thumb Code   108  os_q.o(.text)
    OSQPostOpt                               0x08008aa1   Thumb Code   190  os_q.o(.text)
    OSQQuery                                 0x08008b5f   Thumb Code    90  os_q.o(.text)
    OS_QInit                                 0x08008bb9   Thumb Code    62  os_q.o(.text)
    OSTaskChangePrio                         0x08008c01   Thumb Code   254  os_task.o(.text)
    OSTaskCreate                             0x08008cff   Thumb Code   124  os_task.o(.text)
    OS_TaskStkClr                            0x08008d7b   Thumb Code    22  os_task.o(.text)
    OSTaskCreateExt                          0x08008d91   Thumb Code   144  os_task.o(.text)
    OSTaskDel                                0x08008e21   Thumb Code   274  os_task.o(.text)
    OSTaskDelReq                             0x08008f33   Thumb Code    82  os_task.o(.text)
    OSTaskNameGet                            0x08008f85   Thumb Code   152  os_task.o(.text)
    OSTaskNameSet                            0x0800901d   Thumb Code    80  os_task.o(.text)
    OSTaskResume                             0x0800906d   Thumb Code   122  os_task.o(.text)
    OSTaskStkChk                             0x080090e7   Thumb Code   106  os_task.o(.text)
    OSTaskSuspend                            0x08009151   Thumb Code   134  os_task.o(.text)
    OSTaskQuery                              0x080091d7   Thumb Code    74  os_task.o(.text)
    OSTaskRegGet                             0x08009221   Thumb Code    50  os_task.o(.text)
    OSTaskRegSet                             0x08009253   Thumb Code    54  os_task.o(.text)
    OS_TaskReturn                            0x08009289   Thumb Code    18  os_task.o(.text)
    OSTimeDly                                0x080092b5   Thumb Code    78  os_time.o(.text)
    OSTimeDlyHMSM                            0x08009303   Thumb Code    74  os_time.o(.text)
    OSTimeDlyResume                          0x0800934d   Thumb Code   140  os_time.o(.text)
    OSTimeGet                                0x080093d9   Thumb Code    18  os_time.o(.text)
    OSTimeSet                                0x080093eb   Thumb Code    20  os_time.o(.text)
    OSInitHookBegin                          0x0800941d   Thumb Code     2  os_cpu_c.o(.text)
    OSInitHookEnd                            0x0800941f   Thumb Code     2  os_cpu_c.o(.text)
    OSTaskCreateHook                         0x08009421   Thumb Code     2  os_cpu_c.o(.text)
    OSTaskDelHook                            0x08009423   Thumb Code     2  os_cpu_c.o(.text)
    OSTaskIdleHook                           0x08009425   Thumb Code     2  os_cpu_c.o(.text)
    OSTaskStatHook                           0x08009427   Thumb Code     2  os_cpu_c.o(.text)
    OSTaskStkInit                            0x08009429   Thumb Code    90  os_cpu_c.o(.text)
    OSTaskSwHook                             0x08009483   Thumb Code     2  os_cpu_c.o(.text)
    OSTCBInitHook                            0x08009485   Thumb Code     2  os_cpu_c.o(.text)
    OSTimeTickHook                           0x08009487   Thumb Code     2  os_cpu_c.o(.text)
    OSTaskReturnHook                         0x08009489   Thumb Code     2  os_cpu_c.o(.text)
    OS_CPU_SR_Save                           0x0800948d   Thumb Code     0  os_cpu_a.o(.text)
    OS_CPU_SR_Restore                        0x08009495   Thumb Code     0  os_cpu_a.o(.text)
    OSStartHighRdy                           0x0800949b   Thumb Code     0  os_cpu_a.o(.text)
    OSCtxSw                                  0x080094bd   Thumb Code     0  os_cpu_a.o(.text)
    OSIntCtxSw                               0x080094cb   Thumb Code     0  os_cpu_a.o(.text)
    PendSV_Handler                           0x080094db   Thumb Code     0  os_cpu_a.o(.text)
    __aeabi_ldivmod                          0x08009541   Thumb Code    98  ldiv.o(.text)
    __aeabi_memcpy                           0x080095a3   Thumb Code    36  memcpya.o(.text)
    __aeabi_memcpy4                          0x080095a3   Thumb Code     0  memcpya.o(.text)
    __aeabi_memcpy8                          0x080095a3   Thumb Code     0  memcpya.o(.text)
    __aeabi_memset                           0x080095c7   Thumb Code    14  memseta.o(.text)
    __aeabi_memset4                          0x080095c7   Thumb Code     0  memseta.o(.text)
    __aeabi_memset8                          0x080095c7   Thumb Code     0  memseta.o(.text)
    __aeabi_memclr                           0x080095d5   Thumb Code     4  memseta.o(.text)
    __aeabi_memclr4                          0x080095d5   Thumb Code     0  memseta.o(.text)
    __aeabi_memclr8                          0x080095d5   Thumb Code     0  memseta.o(.text)
    _memset$wrapper                          0x080095d9   Thumb Code    18  memseta.o(.text)
    strstr                                   0x080095eb   Thumb Code    36  strstr.o(.text)
    strlen                                   0x0800960f   Thumb Code    14  strlen.o(.text)
    memcmp                                   0x0800961d   Thumb Code    26  memcmp.o(.text)
    atoi                                     0x08009637   Thumb Code    26  atoi.o(.text)
    __aeabi_fadd                             0x08009651   Thumb Code   164  fadd.o(.text)
    __aeabi_fsub                             0x080096f5   Thumb Code     6  fadd.o(.text)
    __aeabi_frsub                            0x080096fb   Thumb Code     6  fadd.o(.text)
    __aeabi_fmul                             0x08009701   Thumb Code   100  fmul.o(.text)
    __aeabi_fdiv                             0x08009765   Thumb Code   124  fdiv.o(.text)
    __ARM_scalbnf                            0x080097e1   Thumb Code    24  fscalb.o(.text)
    scalbnf                                  0x080097e1   Thumb Code     0  fscalb.o(.text)
    __aeabi_dadd                             0x080097f9   Thumb Code   322  dadd.o(.text)
    __aeabi_dsub                             0x0800993b   Thumb Code     6  dadd.o(.text)
    __aeabi_drsub                            0x08009941   Thumb Code     6  dadd.o(.text)
    __aeabi_dmul                             0x08009947   Thumb Code   228  dmul.o(.text)
    __aeabi_ddiv                             0x08009a2b   Thumb Code   222  ddiv.o(.text)
    __ARM_scalbn                             0x08009b09   Thumb Code    46  dscalb.o(.text)
    scalbn                                   0x08009b09   Thumb Code     0  dscalb.o(.text)
    __aeabi_i2f                              0x08009b37   Thumb Code    18  fflti.o(.text)
    __aeabi_ui2f                             0x08009b49   Thumb Code    10  ffltui.o(.text)
    __aeabi_i2d                              0x08009b53   Thumb Code    34  dflti.o(.text)
    __aeabi_ui2d                             0x08009b75   Thumb Code    26  dfltui.o(.text)
    __aeabi_f2iz                             0x08009b8f   Thumb Code    50  ffixi.o(.text)
    __aeabi_f2uiz                            0x08009bc1   Thumb Code    40  ffixui.o(.text)
    __aeabi_d2uiz                            0x08009be9   Thumb Code    50  dfixui.o(.text)
    __aeabi_f2d                              0x08009c1b   Thumb Code    38  f2d.o(.text)
    __aeabi_cdcmpeq                          0x08009c41   Thumb Code     0  cdcmple.o(.text)
    __aeabi_cdcmple                          0x08009c41   Thumb Code    48  cdcmple.o(.text)
    __aeabi_d2f                              0x08009c71   Thumb Code    56  d2f.o(.text)
    __aeabi_uidiv                            0x08009ca9   Thumb Code     0  uidiv.o(.text)
    __aeabi_uidivmod                         0x08009ca9   Thumb Code    44  uidiv.o(.text)
    __aeabi_uldivmod                         0x08009cd5   Thumb Code    98  uldiv.o(.text)
    __aeabi_llsl                             0x08009d37   Thumb Code    30  llshl.o(.text)
    _ll_shift_l                              0x08009d37   Thumb Code     0  llshl.o(.text)
    __aeabi_llsr                             0x08009d55   Thumb Code    32  llushr.o(.text)
    _ll_ushift_r                             0x08009d55   Thumb Code     0  llushr.o(.text)
    __aeabi_lasr                             0x08009d75   Thumb Code    36  llsshr.o(.text)
    _ll_sshift_r                             0x08009d75   Thumb Code     0  llsshr.o(.text)
    __strtod_int                             0x08009dcf   Thumb Code    90  strtod.o(.text)
    strtol                                   0x08009e35   Thumb Code   112  strtol.o(.text)
    __I$use$fp                               0x08009ea5   Thumb Code     0  iusefp.o(.text)
    _float_round                             0x08009ea5   Thumb Code    18  fepilogue.o(.text)
    _float_epilogue                          0x08009eb7   Thumb Code    92  fepilogue.o(.text)
    _double_round                            0x08009f13   Thumb Code    30  depilogue.o(.text)
    _double_epilogue                         0x08009f31   Thumb Code   156  depilogue.o(.text)
    _dsqrt                                   0x08009fcd   Thumb Code   162  dsqrt.o(.text)
    __aeabi_d2ulz                            0x0800a06f   Thumb Code    48  dfixul.o(.text)
    __aeabi_cdrcmple                         0x0800a0a1   Thumb Code    48  cdrcmple.o(.text)
    __scatterload                            0x0800a0d1   Thumb Code    28  init.o(.text)
    __scatterload_rt2                        0x0800a0d1   Thumb Code     0  init.o(.text)
    __rt_ctype_table                         0x0800a0f5   Thumb Code     4  ctype_o.o(.text)
    isspace                                  0x0800a0fd   Thumb Code    18  isspace_o.o(.text)
    _scanf_real                              0x0800a239   Thumb Code     0  scanf_fp.o(.text)
    _scanf_really_real                       0x0800a239   Thumb Code   556  scanf_fp.o(.text)
    _sgetc                                   0x0800a471   Thumb Code    30  _sgetc.o(.text)
    _sbackspace                              0x0800a48f   Thumb Code    34  _sgetc.o(.text)
    _strtoul                                 0x0800a4b1   Thumb Code   158  _strtoul.o(.text)
    __aeabi_d2iz                             0x0800a54f   Thumb Code    62  dfixi.o(.text)
    _chval                                   0x0800a58d   Thumb Code    28  _chval.o(.text)
    __aeabi_ul2d                             0x0800a5a9   Thumb Code    24  dfltul.o(.text)
    __decompress                             0x0800a5c1   Thumb Code     0  __dczerorl2.o(.text)
    __decompress1                            0x0800a5c1   Thumb Code    86  __dczerorl2.o(.text)
    __0printf                                0x0800a619   Thumb Code    22  printfa.o(i.__0printf)
    __1printf                                0x0800a619   Thumb Code     0  printfa.o(i.__0printf)
    __2printf                                0x0800a619   Thumb Code     0  printfa.o(i.__0printf)
    __c89printf                              0x0800a619   Thumb Code     0  printfa.o(i.__0printf)
    printf                                   0x0800a619   Thumb Code     0  printfa.o(i.__0printf)
    __0snprintf                              0x0800a639   Thumb Code    44  printfa.o(i.__0snprintf)
    __1snprintf                              0x0800a639   Thumb Code     0  printfa.o(i.__0snprintf)
    __2snprintf                              0x0800a639   Thumb Code     0  printfa.o(i.__0snprintf)
    __c89snprintf                            0x0800a639   Thumb Code     0  printfa.o(i.__0snprintf)
    snprintf                                 0x0800a639   Thumb Code     0  printfa.o(i.__0snprintf)
    __0sprintf                               0x0800a669   Thumb Code    34  printfa.o(i.__0sprintf)
    __1sprintf                               0x0800a669   Thumb Code     0  printfa.o(i.__0sprintf)
    __2sprintf                               0x0800a669   Thumb Code     0  printfa.o(i.__0sprintf)
    __c89sprintf                             0x0800a669   Thumb Code     0  printfa.o(i.__0sprintf)
    sprintf                                  0x0800a669   Thumb Code     0  printfa.o(i.__0sprintf)
    __0vsnprintf                             0x0800a691   Thumb Code    40  printfa.o(i.__0vsnprintf)
    __1vsnprintf                             0x0800a691   Thumb Code     0  printfa.o(i.__0vsnprintf)
    __2vsnprintf                             0x0800a691   Thumb Code     0  printfa.o(i.__0vsnprintf)
    __c89vsnprintf                           0x0800a691   Thumb Code     0  printfa.o(i.__0vsnprintf)
    vsnprintf                                0x0800a691   Thumb Code     0  printfa.o(i.__0vsnprintf)
    __0vsprintf                              0x0800a6bd   Thumb Code    30  printfa.o(i.__0vsprintf)
    __1vsprintf                              0x0800a6bd   Thumb Code     0  printfa.o(i.__0vsprintf)
    __2vsprintf                              0x0800a6bd   Thumb Code     0  printfa.o(i.__0vsprintf)
    __c89vsprintf                            0x0800a6bd   Thumb Code     0  printfa.o(i.__0vsprintf)
    vsprintf                                 0x0800a6bd   Thumb Code     0  printfa.o(i.__0vsprintf)
    __ARM_fpclassify                         0x0800a6e1   Thumb Code    40  fpclassify.o(i.__ARM_fpclassify)
    __aeabi_errno_addr                       0x0800a709   Thumb Code     4  errno.o(i.__aeabi_errno_addr)
    __rt_errno_addr                          0x0800a709   Thumb Code     0  errno.o(i.__aeabi_errno_addr)
    __ieee754_rem_pio2                       0x0800a711   Thumb Code   828  rred.o(i.__ieee754_rem_pio2)
    __kernel_cos                             0x0800aa99   Thumb Code   230  cos_i.o(i.__kernel_cos)
    __kernel_poly                            0x0800ab95   Thumb Code   170  poly.o(i.__kernel_poly)
    __kernel_sin                             0x0800ac41   Thumb Code   224  sin_i.o(i.__kernel_sin)
    __mathlib_dbl_infnan                     0x0800ad2d   Thumb Code     6  dunder.o(i.__mathlib_dbl_infnan)
    __mathlib_dbl_infnan2                    0x0800ad33   Thumb Code     4  dunder.o(i.__mathlib_dbl_infnan2)
    __mathlib_dbl_invalid                    0x0800ad37   Thumb Code    12  dunder.o(i.__mathlib_dbl_invalid)
    __mathlib_dbl_underflow                  0x0800ad45   Thumb Code    10  dunder.o(i.__mathlib_dbl_underflow)
    __read_errno                             0x0800ad55   Thumb Code     6  errno.o(i.__read_errno)
    __scatterload_copy                       0x0800ad61   Thumb Code    14  handlers.o(i.__scatterload_copy)
    __scatterload_null                       0x0800ad6f   Thumb Code     2  handlers.o(i.__scatterload_null)
    __scatterload_zeroinit                   0x0800ad71   Thumb Code    14  handlers.o(i.__scatterload_zeroinit)
    __set_errno                              0x0800ad81   Thumb Code     6  errno.o(i.__set_errno)
    _is_digit                                0x0800af11   Thumb Code    14  scanf_fp.o(i._is_digit)
    asin                                     0x0800b671   Thumb Code   572  asin.o(i.asin)
    atan                                     0x0800b8e1   Thumb Code   474  atan.o(i.atan)
    atan2                                    0x0800bb01   Thumb Code   346  atan2.o(i.atan2)
    atof                                     0x0800bc81   Thumb Code    42  atof.o(i.atof)
    cos                                      0x0800bcad   Thumb Code   148  cos.o(i.cos)
    sqrt                                     0x0800bd49   Thumb Code    76  sqrt.o(i.sqrt)
    reg                                      0x0800bd94   Data          27  inv_mpu.o(.constdata)
    hw                                       0x0800bdb0   Data          12  inv_mpu.o(.constdata)
    test                                     0x0800bdbc   Data          40  inv_mpu.o(.constdata)
    OSUnMapTbl                               0x0800c9da   Data         256  os_core.o(.constdata)
    __mathlib_zero                           0x0800cbf8   Data           8  qnan.o(.constdata)
    __ctype_table                            0x0800ccf0   Data         129  ctype_o.o(.constdata)
    Region$$Table$$Base                      0x0800cfa0   Number         0  anon$$obj.o(Region$$Table)
    Region$$Table$$Limit                     0x0800cfc0   Number         0  anon$$obj.o(Region$$Table)
    PwmT                                     0x20000000   Data           1  main.o(.data)
    JD                                       0x20000004   Data           4  main.o(.data)
    WD                                       0x20000008   Data           4  main.o(.data)
    CHfg                                     0x2000000c   Data           6  main.o(.data)
    Infg                                     0x20000012   Data           6  main.o(.data)
    SystemCoreClock                          0x20000018   Data           4  system_stm32f10x.o(.data)
    AHBPrescTable                            0x2000001c   Data          16  system_stm32f10x.o(.data)
    Snum                                     0x2000002c   Data           2  txxy.o(.data)
    USART1_RX_STA                            0x2000002e   Data           2  usart1.o(.data)
    USART1_DMA_InitStructure                 0x20000030   Data          51  usart1.o(.data)
    __stdout                                 0x20000064   Data           4  usart1.o(.data)
    USART3_RX_STA                            0x20000068   Data           2  usart3.o(.data)
    USART3_DMA_InitStructure                 0x2000006a   Data          51  usart3.o(.data)
    PwmDat                                   0x200000d6   Data           2  servodj.o(.data)
    USART2_RX_STA                            0x200000d8   Data           2  usart2.o(.data)
    OSCPUUsage                               0x200000f4   Data           1  os_core.o(.data)
    OSStatRdy                                0x200000f5   Data           1  os_core.o(.data)
    OSIntNesting                             0x200000f6   Data           1  os_core.o(.data)
    OSLockNesting                            0x200000f7   Data           1  os_core.o(.data)
    OSPrioCur                                0x200000f8   Data           1  os_core.o(.data)
    OSPrioHighRdy                            0x200000f9   Data           1  os_core.o(.data)
    OSRdyGrp                                 0x200000fa   Data           1  os_core.o(.data)
    OSRunning                                0x200000fb   Data           1  os_core.o(.data)
    OSTaskCtr                                0x200000fc   Data           1  os_core.o(.data)
    OSTickStepState                          0x200000fd   Data           1  os_core.o(.data)
    OSCtxSwCtr                               0x20000100   Data           4  os_core.o(.data)
    OSEventFreeList                          0x20000104   Data           4  os_core.o(.data)
    OSIdleCtrMax                             0x20000108   Data           4  os_core.o(.data)
    OSIdleCtrRun                             0x2000010c   Data           4  os_core.o(.data)
    OSIdleCtr                                0x20000110   Data           4  os_core.o(.data)
    OSTCBCur                                 0x20000114   Data           4  os_core.o(.data)
    OSTCBFreeList                            0x20000118   Data           4  os_core.o(.data)
    OSTCBHighRdy                             0x2000011c   Data           4  os_core.o(.data)
    OSTCBList                                0x20000120   Data           4  os_core.o(.data)
    OSTime                                   0x20000124   Data           4  os_core.o(.data)
    OSRdyTbl                                 0x20000128   Data           8  os_core.o(.data)
    OSFlagFreeList                           0x20000130   Data           4  os_core.o(.data)
    OSQFreeList                              0x20000134   Data           4  os_core.o(.data)
    Vfg                                      0x20000140   Data          28  main.o(.bss)
    XYZ                                      0x20000dc0   Data          12  main.o(.bss)
    RevList                                  0x20000dcc   Data         210  txxy.o(.bss)
    sendBuf                                  0x20000e9e   Data         100  txxy.o(.bss)
    WbCh                                     0x20000f04   Data         720  txxy.o(.bss)
    WbMpu                                    0x200011d4   Data         120  txxy.o(.bss)
    WbAT                                     0x2000124c   Data          40  txxy.o(.bss)
    WbAdcPwm                                 0x20001274   Data          80  txxy.o(.bss)
    WbCmd                                    0x200012c4   Data          40  txxy.o(.bss)
    T_Pra                                    0x200012ec   Data          10  txxy.o(.bss)
    USART1_TX_BUF                            0x200012f8   Data         100  usart1.o(.bss)
    USART1_RX_BUF                            0x2000135c   Data         800  usart1.o(.bss)
    DMA_USART1_InitStructure                 0x2000167c   Data          44  usart1.o(.bss)
    USART3_TX_BUF                            0x200016a8   Data         100  usart3.o(.bss)
    USART3_RX_BUF                            0x2000170c   Data         100  usart3.o(.bss)
    DMA_USART3_InitStructure                 0x20001770   Data          44  usart3.o(.bss)
    USART2_TX_BUF                            0x200017b0   Data         600  usart2.o(.bss)
    USART2_RX_BUF                            0x20001a08   Data         450  usart2.o(.bss)
    gpsinfo                                  0x20001bca   Data         105  gps.o(.bss)
    OSEventTbl                               0x20001c34   Data         200  os_core.o(.bss)
    OSTaskStatStk                            0x20001cfc   Data         512  os_core.o(.bss)
    OSTaskIdleStk                            0x20001efc   Data         512  os_core.o(.bss)
    OSTCBPrioTbl                             0x200020fc   Data         256  os_core.o(.bss)
    OSTCBTbl                                 0x200021fc   Data        1008  os_core.o(.bss)
    OSFlagTbl                                0x200025ec   Data          80  os_core.o(.bss)
    OSQTbl                                   0x2000263c   Data         120  os_core.o(.bss)
    __initial_sp                             0x20002ab8   Data           0  startup_stm32f10x_hd.o(STACK)



==============================================================================

Memory Map of the image

  Image Entry point : 0x08000131

  Load Region LR_IROM1 (Base: 0x08000000, Size: 0x0000d0fc, Max: 0x00020000, ABSOLUTE, COMPRESSED[0x0000d02c])

    Execution Region ER_IROM1 (Exec base: 0x08000000, Load base: 0x08000000, Size: 0x0000cfc0, Max: 0x00020000, ABSOLUTE)

    Exec Addr    Load Addr    Size         Type   Attr      Idx    E Section Name        Object

    0x08000000   0x08000000   0x00000130   Data   RO          570    RESET               startup_stm32f10x_hd.o
    0x08000130   0x08000130   0x00000000   Code   RO          988  * .ARM.Collect$$$$00000000  mc_w.l(entry.o)
    0x08000130   0x08000130   0x00000004   Code   RO         1347    .ARM.Collect$$$$00000001  mc_w.l(entry2.o)
    0x08000134   0x08000134   0x00000004   Code   RO         1350    .ARM.Collect$$$$00000004  mc_w.l(entry5.o)
    0x08000138   0x08000138   0x00000000   Code   RO         1352    .ARM.Collect$$$$00000008  mc_w.l(entry7b.o)
    0x08000138   0x08000138   0x00000000   Code   RO         1354    .ARM.Collect$$$$0000000A  mc_w.l(entry8b.o)
    0x08000138   0x08000138   0x00000008   Code   RO         1355    .ARM.Collect$$$$0000000B  mc_w.l(entry9a.o)
    0x08000140   0x08000140   0x00000000   Code   RO         1357    .ARM.Collect$$$$0000000D  mc_w.l(entry10a.o)
    0x08000140   0x08000140   0x00000000   Code   RO         1359    .ARM.Collect$$$$0000000F  mc_w.l(entry11a.o)
    0x08000140   0x08000140   0x00000004   Code   RO         1348    .ARM.Collect$$$$00002712  mc_w.l(entry2.o)
    0x08000144   0x08000144   0x00000838   Code   RO            1    .text               main.o
    0x0800097c   0x0800097c   0x0000000e   Code   RO          193    .text               stm32f10x_it.o
    0x0800098a   0x0800098a   0x00000002   PAD
    0x0800098c   0x0800098c   0x00000174   Code   RO          234    .text               system_stm32f10x.o
    0x08000b00   0x08000b00   0x000001fc   Code   RO          252    .text               led.o
    0x08000cfc   0x08000cfc   0x00000354   Code   RO          264    .text               txxy.o
    0x08001050   0x08001050   0x00000364   Code   RO          284    .text               usart1.o
    0x080013b4   0x080013b4   0x00000398   Code   RO          311    .text               usart3.o
    0x0800174c   0x0800174c   0x00000100   Code   RO          334    .text               adc.o
    0x0800184c   0x0800184c   0x00000142   Code   RO          346    .text               24cxx.o
    0x0800198e   0x0800198e   0x00000002   PAD
    0x08001990   0x08001990   0x00000220   Code   RO          358    .text               myiic.o
    0x08001bb0   0x08001bb0   0x000002b0   Code   RO          370    .text               mpuiic.o
    0x08001e60   0x08001e60   0x00000300   Code   RO          382    .text               mpu6050.o
    0x08002160   0x08002160   0x00001d84   Code   RO          402    .text               inv_mpu.o
    0x08003ee4   0x08003ee4   0x00000be8   Code   RO          428    .text               inv_mpu_dmp_motion_driver.o
    0x08004acc   0x08004acc   0x000000a4   Code   RO          453    .text               servodj.o
    0x08004b70   0x08004b70   0x00000280   Code   RO          471    .text               usart2.o
    0x08004df0   0x08004df0   0x00000700   Code   RO          490    .text               usrcat1.o
    0x080054f0   0x080054f0   0x0000080c   Code   RO          505    .text               gps.o
    0x08005cfc   0x08005cfc   0x000000f0   Code   RO          527    .text               delay.o
    0x08005dec   0x08005dec   0x00000024   Code   RO          571    .text               startup_stm32f10x_hd.o
    0x08005e10   0x08005e10   0x00000298   Code   RO          575    .text               stm32f10x_gpio.o
    0x080060a8   0x080060a8   0x000002f4   Code   RO          587    .text               stm32f10x_rcc.o
    0x0800639c   0x0800639c   0x0000039c   Code   RO          601    .text               stm32f10x_usart.o
    0x08006738   0x08006738   0x000000b8   Code   RO          613    .text               misc.o
    0x080067f0   0x080067f0   0x00000388   Code   RO          625    .text               stm32f10x_adc.o
    0x08006b78   0x08006b78   0x000001e8   Code   RO          685    .text               stm32f10x_dma.o
    0x08006d60   0x08006d60   0x00000c2a   Code   RO          793    .text               stm32f10x_tim.o
    0x0800798a   0x0800798a   0x00000002   PAD
    0x0800798c   0x0800798c   0x00000674   Code   RO          805    .text               os_core.o
    0x08008000   0x08008000   0x000006c8   Code   RO          829    .text               os_flag.o
    0x080086c8   0x080086c8   0x00000538   Code   RO          871    .text               os_q.o
    0x08008c00   0x08008c00   0x000006b4   Code   RO          895    .text               os_task.o
    0x080092b4   0x080092b4   0x00000168   Code   RO          907    .text               os_time.o
    0x0800941c   0x0800941c   0x0000006e   Code   RO          925    .text               os_cpu_c.o
    0x0800948a   0x0800948a   0x00000002   PAD
    0x0800948c   0x0800948c   0x000000b4   Code   RO          947    .text               os_cpu_a.o
    0x08009540   0x08009540   0x00000062   Code   RO          991    .text               mc_w.l(ldiv.o)
    0x080095a2   0x080095a2   0x00000024   Code   RO          993    .text               mc_w.l(memcpya.o)
    0x080095c6   0x080095c6   0x00000024   Code   RO          995    .text               mc_w.l(memseta.o)
    0x080095ea   0x080095ea   0x00000024   Code   RO          997    .text               mc_w.l(strstr.o)
    0x0800960e   0x0800960e   0x0000000e   Code   RO          999    .text               mc_w.l(strlen.o)
    0x0800961c   0x0800961c   0x0000001a   Code   RO         1001    .text               mc_w.l(memcmp.o)
    0x08009636   0x08009636   0x0000001a   Code   RO         1266    .text               mc_w.l(atoi.o)
    0x08009650   0x08009650   0x000000b0   Code   RO         1268    .text               mf_w.l(fadd.o)
    0x08009700   0x08009700   0x00000064   Code   RO         1270    .text               mf_w.l(fmul.o)
    0x08009764   0x08009764   0x0000007c   Code   RO         1272    .text               mf_w.l(fdiv.o)
    0x080097e0   0x080097e0   0x00000018   Code   RO         1274    .text               mf_w.l(fscalb.o)
    0x080097f8   0x080097f8   0x0000014e   Code   RO         1276    .text               mf_w.l(dadd.o)
    0x08009946   0x08009946   0x000000e4   Code   RO         1278    .text               mf_w.l(dmul.o)
    0x08009a2a   0x08009a2a   0x000000de   Code   RO         1280    .text               mf_w.l(ddiv.o)
    0x08009b08   0x08009b08   0x0000002e   Code   RO         1282    .text               mf_w.l(dscalb.o)
    0x08009b36   0x08009b36   0x00000012   Code   RO         1284    .text               mf_w.l(fflti.o)
    0x08009b48   0x08009b48   0x0000000a   Code   RO         1286    .text               mf_w.l(ffltui.o)
    0x08009b52   0x08009b52   0x00000022   Code   RO         1288    .text               mf_w.l(dflti.o)
    0x08009b74   0x08009b74   0x0000001a   Code   RO         1290    .text               mf_w.l(dfltui.o)
    0x08009b8e   0x08009b8e   0x00000032   Code   RO         1292    .text               mf_w.l(ffixi.o)
    0x08009bc0   0x08009bc0   0x00000028   Code   RO         1294    .text               mf_w.l(ffixui.o)
    0x08009be8   0x08009be8   0x00000032   Code   RO         1296    .text               mf_w.l(dfixui.o)
    0x08009c1a   0x08009c1a   0x00000026   Code   RO         1298    .text               mf_w.l(f2d.o)
    0x08009c40   0x08009c40   0x00000030   Code   RO         1300    .text               mf_w.l(cdcmple.o)
    0x08009c70   0x08009c70   0x00000038   Code   RO         1302    .text               mf_w.l(d2f.o)
    0x08009ca8   0x08009ca8   0x0000002c   Code   RO         1361    .text               mc_w.l(uidiv.o)
    0x08009cd4   0x08009cd4   0x00000062   Code   RO         1363    .text               mc_w.l(uldiv.o)
    0x08009d36   0x08009d36   0x0000001e   Code   RO         1365    .text               mc_w.l(llshl.o)
    0x08009d54   0x08009d54   0x00000020   Code   RO         1367    .text               mc_w.l(llushr.o)
    0x08009d74   0x08009d74   0x00000024   Code   RO         1369    .text               mc_w.l(llsshr.o)
    0x08009d98   0x08009d98   0x0000009c   Code   RO         1378    .text               mc_w.l(strtod.o)
    0x08009e34   0x08009e34   0x00000070   Code   RO         1380    .text               mc_w.l(strtol.o)
    0x08009ea4   0x08009ea4   0x00000000   Code   RO         1382    .text               mc_w.l(iusefp.o)
    0x08009ea4   0x08009ea4   0x0000006e   Code   RO         1383    .text               mf_w.l(fepilogue.o)
    0x08009f12   0x08009f12   0x000000ba   Code   RO         1385    .text               mf_w.l(depilogue.o)
    0x08009fcc   0x08009fcc   0x000000a2   Code   RO         1387    .text               mf_w.l(dsqrt.o)
    0x0800a06e   0x0800a06e   0x00000030   Code   RO         1389    .text               mf_w.l(dfixul.o)
    0x0800a09e   0x0800a09e   0x00000002   PAD
    0x0800a0a0   0x0800a0a0   0x00000030   Code   RO         1391    .text               mf_w.l(cdrcmple.o)
    0x0800a0d0   0x0800a0d0   0x00000024   Code   RO         1393    .text               mc_w.l(init.o)
    0x0800a0f4   0x0800a0f4   0x00000008   Code   RO         1397    .text               mc_w.l(ctype_o.o)
    0x0800a0fc   0x0800a0fc   0x00000012   Code   RO         1419    .text               mc_w.l(isspace_o.o)
    0x0800a10e   0x0800a10e   0x00000002   PAD
    0x0800a110   0x0800a110   0x00000360   Code   RO         1425    .text               mc_w.l(scanf_fp.o)
    0x0800a470   0x0800a470   0x00000040   Code   RO         1429    .text               mc_w.l(_sgetc.o)
    0x0800a4b0   0x0800a4b0   0x0000009e   Code   RO         1431    .text               mc_w.l(_strtoul.o)
    0x0800a54e   0x0800a54e   0x0000003e   Code   RO         1433    .text               mf_w.l(dfixi.o)
    0x0800a58c   0x0800a58c   0x0000001c   Code   RO         1438    .text               mc_w.l(_chval.o)
    0x0800a5a8   0x0800a5a8   0x00000018   Code   RO         1440    .text               mf_w.l(dfltul.o)
    0x0800a5c0   0x0800a5c0   0x00000056   Code   RO         1450    .text               mc_w.l(__dczerorl2.o)
    0x0800a616   0x0800a616   0x00000002   PAD
    0x0800a618   0x0800a618   0x00000020   Code   RO         1238    i.__0printf         mc_w.l(printfa.o)
    0x0800a638   0x0800a638   0x00000030   Code   RO         1239    i.__0snprintf       mc_w.l(printfa.o)
    0x0800a668   0x0800a668   0x00000028   Code   RO         1240    i.__0sprintf        mc_w.l(printfa.o)
    0x0800a690   0x0800a690   0x0000002c   Code   RO         1243    i.__0vsnprintf      mc_w.l(printfa.o)
    0x0800a6bc   0x0800a6bc   0x00000024   Code   RO         1244    i.__0vsprintf       mc_w.l(printfa.o)
    0x0800a6e0   0x0800a6e0   0x00000028   Code   RO         1331    i.__ARM_fpclassify  m_ws.l(fpclassify.o)
    0x0800a708   0x0800a708   0x00000008   Code   RO         1371    i.__aeabi_errno_addr  mc_w.l(errno.o)
    0x0800a710   0x0800a710   0x00000388   Code   RO         1336    i.__ieee754_rem_pio2  m_ws.l(rred.o)
    0x0800aa98   0x0800aa98   0x000000fc   Code   RO         1314    i.__kernel_cos      m_ws.l(cos_i.o)
    0x0800ab94   0x0800ab94   0x000000aa   Code   RO         1333    i.__kernel_poly     m_ws.l(poly.o)
    0x0800ac3e   0x0800ac3e   0x00000002   PAD
    0x0800ac40   0x0800ac40   0x000000ec   Code   RO         1341    i.__kernel_sin      m_ws.l(sin_i.o)
    0x0800ad2c   0x0800ad2c   0x00000006   Code   RO         1318    i.__mathlib_dbl_infnan  m_ws.l(dunder.o)
    0x0800ad32   0x0800ad32   0x00000004   Code   RO         1319    i.__mathlib_dbl_infnan2  m_ws.l(dunder.o)
    0x0800ad36   0x0800ad36   0x0000000c   Code   RO         1320    i.__mathlib_dbl_invalid  m_ws.l(dunder.o)
    0x0800ad42   0x0800ad42   0x00000002   PAD
    0x0800ad44   0x0800ad44   0x00000010   Code   RO         1323    i.__mathlib_dbl_underflow  m_ws.l(dunder.o)
    0x0800ad54   0x0800ad54   0x0000000c   Code   RO         1372    i.__read_errno      mc_w.l(errno.o)
    0x0800ad60   0x0800ad60   0x0000000e   Code   RO         1444    i.__scatterload_copy  mc_w.l(handlers.o)
    0x0800ad6e   0x0800ad6e   0x00000002   Code   RO         1445    i.__scatterload_null  mc_w.l(handlers.o)
    0x0800ad70   0x0800ad70   0x0000000e   Code   RO         1446    i.__scatterload_zeroinit  mc_w.l(handlers.o)
    0x0800ad7e   0x0800ad7e   0x00000002   PAD
    0x0800ad80   0x0800ad80   0x0000000c   Code   RO         1373    i.__set_errno       mc_w.l(errno.o)
    0x0800ad8c   0x0800ad8c   0x00000184   Code   RO         1245    i._fp_digits        mc_w.l(printfa.o)
    0x0800af10   0x0800af10   0x0000000e   Code   RO         1427    i._is_digit         mc_w.l(scanf_fp.o)
    0x0800af1e   0x0800af1e   0x00000002   PAD
    0x0800af20   0x0800af20   0x000006dc   Code   RO         1246    i._printf_core      mc_w.l(printfa.o)
    0x0800b5fc   0x0800b5fc   0x00000024   Code   RO         1247    i._printf_post_padding  mc_w.l(printfa.o)
    0x0800b620   0x0800b620   0x0000002e   Code   RO         1248    i._printf_pre_padding  mc_w.l(printfa.o)
    0x0800b64e   0x0800b64e   0x00000016   Code   RO         1249    i._snputc           mc_w.l(printfa.o)
    0x0800b664   0x0800b664   0x0000000a   Code   RO         1250    i._sputc            mc_w.l(printfa.o)
    0x0800b66e   0x0800b66e   0x00000002   PAD
    0x0800b670   0x0800b670   0x00000270   Code   RO          951    i.asin              m_ws.l(asin.o)
    0x0800b8e0   0x0800b8e0   0x00000220   Code   RO         1305    i.atan              m_ws.l(atan.o)
    0x0800bb00   0x0800bb00   0x00000180   Code   RO          961    i.atan2             m_ws.l(atan2.o)
    0x0800bc80   0x0800bc80   0x0000002a   Code   RO          969    i.atof              m_ws.l(atof.o)
    0x0800bcaa   0x0800bcaa   0x00000002   PAD
    0x0800bcac   0x0800bcac   0x0000009c   Code   RO          973    i.cos               m_ws.l(cos.o)
    0x0800bd48   0x0800bd48   0x0000004c   Code   RO          981    i.sqrt              m_ws.l(sqrt.o)
    0x0800bd94   0x0800bd94   0x0000001b   Data   RO          403    .constdata          inv_mpu.o
    0x0800bdaf   0x0800bdaf   0x00000001   PAD
    0x0800bdb0   0x0800bdb0   0x0000000c   Data   RO          404    .constdata          inv_mpu.o
    0x0800bdbc   0x0800bdbc   0x00000028   Data   RO          405    .constdata          inv_mpu.o
    0x0800bde4   0x0800bde4   0x00000bf6   Data   RO          430    .constdata          inv_mpu_dmp_motion_driver.o
    0x0800c9da   0x0800c9da   0x00000100   Data   RO          809    .constdata          os_core.o
    0x0800cada   0x0800cada   0x00000006   PAD
    0x0800cae0   0x0800cae0   0x00000050   Data   RO          952    .constdata          m_ws.l(asin.o)
    0x0800cb30   0x0800cb30   0x00000098   Data   RO         1306    .constdata          m_ws.l(atan.o)
    0x0800cbc8   0x0800cbc8   0x00000030   Data   RO         1315    .constdata          m_ws.l(cos_i.o)
    0x0800cbf8   0x0800cbf8   0x00000008   Data   RO         1335    .constdata          m_ws.l(qnan.o)
    0x0800cc00   0x0800cc00   0x000000c8   Data   RO         1338    .constdata          m_ws.l(rred.o)
    0x0800ccc8   0x0800ccc8   0x00000028   Data   RO         1342    .constdata          m_ws.l(sin_i.o)
    0x0800ccf0   0x0800ccf0   0x00000081   Data   RO         1398    .constdata          mc_w.l(ctype_o.o)
    0x0800cd71   0x0800cd71   0x00000003   PAD
    0x0800cd74   0x0800cd74   0x00000004   Data   RO         1399    .constdata          mc_w.l(ctype_o.o)
    0x0800cd78   0x0800cd78   0x000001d6   Data   RO            3    .conststring        main.o
    0x0800cf4e   0x0800cf4e   0x00000002   PAD
    0x0800cf50   0x0800cf50   0x0000004d   Data   RO          406    .conststring        inv_mpu.o
    0x0800cf9d   0x0800cf9d   0x00000003   PAD
    0x0800cfa0   0x0800cfa0   0x00000020   Data   RO         1442    Region$$Table       anon$$obj.o


    Execution Region RW_IRAM1 (Exec base: 0x20000000, Load base: 0x0800cfc0, Size: 0x00002ab8, Max: 0x00005000, ABSOLUTE, COMPRESSED[0x0000006c])

    Exec Addr    Load Addr    Size         Type   Attr      Idx    E Section Name        Object

    0x20000000   COMPRESSED   0x00000018   Data   RW            4    .data               main.o
    0x20000018   COMPRESSED   0x00000014   Data   RW          235    .data               system_stm32f10x.o
    0x2000002c   COMPRESSED   0x00000002   Data   RW          266    .data               txxy.o
    0x2000002e   COMPRESSED   0x00000035   Data   RW          286    .data               usart1.o
    0x20000063   COMPRESSED   0x00000001   PAD
    0x20000064   COMPRESSED   0x00000004   Data   RW          287    .data               usart1.o
    0x20000068   COMPRESSED   0x00000035   Data   RW          313    .data               usart3.o
    0x2000009d   COMPRESSED   0x00000003   PAD
    0x200000a0   COMPRESSED   0x00000035   Data   RW          407    .data               inv_mpu.o
    0x200000d5   COMPRESSED   0x00000001   PAD
    0x200000d6   COMPRESSED   0x00000002   Data   RW          454    .data               servodj.o
    0x200000d8   COMPRESSED   0x00000002   Data   RW          473    .data               usart2.o
    0x200000da   COMPRESSED   0x00000004   Data   RW          528    .data               delay.o
    0x200000de   COMPRESSED   0x00000014   Data   RW          588    .data               stm32f10x_rcc.o
    0x200000f2   COMPRESSED   0x00000002   PAD
    0x200000f4   COMPRESSED   0x0000003c   Data   RW          810    .data               os_core.o
    0x20000130   COMPRESSED   0x00000004   Data   RW          811    .data               os_core.o
    0x20000134   COMPRESSED   0x00000004   Data   RW          812    .data               os_core.o
    0x20000138   COMPRESSED   0x00000004   Data   RW         1374    .data               mc_w.l(errno.o)
    0x2000013c   COMPRESSED   0x00000004   PAD
    0x20000140        -       0x00000c8c   Zero   RW            2    .bss                main.o
    0x20000dcc        -       0x0000052a   Zero   RW          265    .bss                txxy.o
    0x200012f6   COMPRESSED   0x00000002   PAD
    0x200012f8        -       0x000003b0   Zero   RW          285    .bss                usart1.o
    0x200016a8        -       0x000000f4   Zero   RW          312    .bss                usart3.o
    0x2000179c        -       0x00000010   Zero   RW          429    .bss                inv_mpu_dmp_motion_driver.o
    0x200017ac   COMPRESSED   0x00000004   PAD
    0x200017b0        -       0x0000041a   Zero   RW          472    .bss                usart2.o
    0x20001bca        -       0x00000069   Zero   RW          506    .bss                gps.o
    0x20001c33   COMPRESSED   0x00000001   PAD
    0x20001c34        -       0x000009b8   Zero   RW          806    .bss                os_core.o
    0x200025ec        -       0x00000050   Zero   RW          807    .bss                os_core.o
    0x2000263c        -       0x00000078   Zero   RW          808    .bss                os_core.o
    0x200026b4   COMPRESSED   0x00000004   PAD
    0x200026b8        -       0x00000400   Zero   RW          568    STACK               startup_stm32f10x_hd.o


==============================================================================

Image component sizes


      Code (inc. data)   RO Data    RW Data    ZI Data      Debug   Object Name

       322          0          0          0          0       2942   24cxx.o
       256         16          0          0          0       1321   adc.o
       240         20          0          4          0       1813   delay.o
      2060         70          0          0        105       9098   gps.o
      7556        192        156         53          0      26701   inv_mpu.o
      3048        118       3062          0         16      15827   inv_mpu_dmp_motion_driver.o
       508         18          0          0          0        864   led.o
      2104        170        470         24       3212     283704   main.o
       184         12          0          0          0       2013   misc.o
       768         18          0          0          0       4487   mpu6050.o
       688          4          0          0          0       2633   mpuiic.o
       544         14          0          0          0       2032   myiic.o
      1652         74        256         68       2688      15711   os_core.o
       180         36          0          0          0        360   os_cpu_a.o
       110          0          0          0          0      10526   os_cpu_c.o
      1736         42          0          0          0       8212   os_flag.o
      1336         32          0          0          0       6361   os_q.o
      1716         70          0          0          0       8521   os_task.o
       360         30          0          0          0       1958   os_time.o
       164          8          0          2          0       1201   servodj.o
        36          8        304          0       1024        820   startup_stm32f10x_hd.o
       904         24          0          0          0      11909   stm32f10x_adc.o
       488         10          0          0          0       4882   stm32f10x_dma.o
       664         36          0          0          0       6301   stm32f10x_gpio.o
        14          0          0          0          0       1011   stm32f10x_it.o
       756         32          0         20          0       9468   stm32f10x_rcc.o
      3114         84          0          0          0      25188   stm32f10x_tim.o
       924         20          0          0          0       9260   stm32f10x_usart.o
         0          0          0          0          0         32   sys.o
       372         34          0         20          0       1891   system_stm32f10x.o
       852         78          0          2       1322       4263   txxy.o
       868         20          0         57        944       7104   usart1.o
       640         38          0          2       1050       3700   usart2.o
       920         44          0         53        244       4865   usart3.o
      1792        724          0          0          0       4966   usrcat1.o

    ----------------------------------------------------------------------
     37884       2096       4292        312      10616     501945   Object Totals
         0          0         32          0          0          0   (incl. Generated)
         8          0         12          7         11          0   (incl. Padding)

    ----------------------------------------------------------------------

      Code (inc. data)   RO Data    RW Data    ZI Data      Debug   Library Member Name

       624         52         80          0          0        168   asin.o
       544         70        152          0          0        124   atan.o
       384         38          0          0          0        144   atan2.o
        42          0          0          0          0         84   atof.o
       156          8          0          0          0        104   cos.o
       252         22         48          0          0        124   cos_i.o
        38          6          0          0          0        272   dunder.o
        40          0          0          0          0         68   fpclassify.o
       170          0          0          0          0         96   poly.o
         0          0          8          0          0          0   qnan.o
       904         76        200          0          0        140   rred.o
       236         12         40          0          0        128   sin_i.o
        76          0          0          0          0         84   sqrt.o
        86          0          0          0          0          0   __dczerorl2.o
        28          0          0          0          0         68   _chval.o
        64          0          0          0          0         84   _sgetc.o
       158          0          0          0          0         92   _strtoul.o
        26          0          0          0          0         80   atoi.o
         8          4        133          0          0         68   ctype_o.o
         0          0          0          0          0          0   entry.o
         0          0          0          0          0          0   entry10a.o
         0          0          0          0          0          0   entry11a.o
         8          4          0          0          0          0   entry2.o
         4          0          0          0          0          0   entry5.o
         0          0          0          0          0          0   entry7b.o
         0          0          0          0          0          0   entry8b.o
         8          4          0          0          0          0   entry9a.o
        32         16          0          4          0        204   errno.o
        30          0          0          0          0          0   handlers.o
        36          8          0          0          0         68   init.o
        18          0          0          0          0         76   isspace_o.o
         0          0          0          0          0          0   iusefp.o
        98          0          0          0          0         84   ldiv.o
        30          0          0          0          0         68   llshl.o
        36          0          0          0          0         68   llsshr.o
        32          0          0          0          0         68   llushr.o
        26          0          0          0          0         80   memcmp.o
        36          0          0          0          0         68   memcpya.o
        36          0          0          0          0        108   memseta.o
      2458        110          0          0          0        916   printfa.o
       878         12          0          0          0        216   scanf_fp.o
        14          0          0          0          0         68   strlen.o
        36          0          0          0          0         80   strstr.o
       156         12          0          0          0        120   strtod.o
       112          0          0          0          0         88   strtol.o
        44          0          0          0          0         80   uidiv.o
        98          0          0          0          0         92   uldiv.o
        48          0          0          0          0         68   cdcmple.o
        48          0          0          0          0         68   cdrcmple.o
        56          0          0          0          0         88   d2f.o
       334          0          0          0          0        148   dadd.o
       222          0          0          0          0        100   ddiv.o
       186          0          0          0          0        176   depilogue.o
        62          0          0          0          0         80   dfixi.o
        50          0          0          0          0         76   dfixui.o
        48          0          0          0          0         68   dfixul.o
        34          0          0          0          0         76   dflti.o
        26          0          0          0          0         76   dfltui.o
        24          0          0          0          0         76   dfltul.o
       228          0          0          0          0         96   dmul.o
        46          0          0          0          0         80   dscalb.o
       162          0          0          0          0        100   dsqrt.o
        38          0          0          0          0         68   f2d.o
       176          0          0          0          0        140   fadd.o
       124          0          0          0          0         88   fdiv.o
       110          0          0          0          0        168   fepilogue.o
        50          0          0          0          0         68   ffixi.o
        40          0          0          0          0         68   ffixui.o
        18          0          0          0          0         68   fflti.o
        10          0          0          0          0         68   ffltui.o
       100          0          0          0          0         76   fmul.o
        24          0          0          0          0         68   fscalb.o

    ----------------------------------------------------------------------
     10344        454        664          4          4       6736   Library Totals
        18          0          3          0          4          0   (incl. Padding)

    ----------------------------------------------------------------------

      Code (inc. data)   RO Data    RW Data    ZI Data      Debug   Library Name

      3466        284        528          0          0       1536   m_ws.l
      4596        170        133          4          0       2944   mc_w.l
      2264          0          0          0          0       2256   mf_w.l

    ----------------------------------------------------------------------
     10344        454        664          4          4       6736   Library Totals

    ----------------------------------------------------------------------

==============================================================================


      Code (inc. data)   RO Data    RW Data    ZI Data      Debug   

     48228       2550       4956        316      10620     501893   Grand Totals
     48228       2550       4956        108      10620     501893   ELF Image Totals (compressed)
     48228       2550       4956        108          0          0   ROM Totals

==============================================================================

    Total RO  Size (Code + RO Data)                53184 (  51.94kB)
    Total RW  Size (RW Data + ZI Data)             10936 (  10.68kB)
    Total ROM Size (Code + RO Data + RW Data)      53292 (  52.04kB)

==============================================================================

